08:55:29 **** Build of configuration Debug for project Weerstation_01 ****
make all 
Building file: ../startup/startup_stm32f030x8.s
Invoking: MCU GCC Assembler
C:\Users\djans\Documents\GitHub\Weerstation\Master\ESP_Version_02\Weerstation_01\Debug
arm-none-eabi-as -mcpu=cortex-m0 -mthumb -mfloat-abi=soft -g -o "startup/startup_stm32f030x8.o" "../startup/startup_stm32f030x8.s"
Finished building: ../startup/startup_stm32f030x8.s
 
Building file: ../Src/Sensors.c
Invoking: MCU GCC Compiler
C:\Users\djans\Documents\GitHub\Weerstation\Master\ESP_Version_02\Weerstation_01\Debug
arm-none-eabi-gcc -mcpu=cortex-m0 -mthumb -mfloat-abi=soft '-D__weak=__attribute__((weak))' '-D__packed=__attribute__((__packed__))' -DUSE_HAL_DRIVER -DSTM32F030x8 -I"C:/Users/djans/Documents/GitHub/Weerstation/Master/ESP_Version_02/Weerstation_01/Inc" -I"C:/Users/djans/Documents/GitHub/Weerstation/Master/ESP_Version_02/Weerstation_01/Drivers/STM32F0xx_HAL_Driver/Inc" -I"C:/Users/djans/Documents/GitHub/Weerstation/Master/ESP_Version_02/Weerstation_01/Drivers/STM32F0xx_HAL_Driver/Inc/Legacy" -I"C:/Users/djans/Documents/GitHub/Weerstation/Master/ESP_Version_02/Weerstation_01/Middlewares/Third_Party/FreeRTOS/Source/portable/GCC/ARM_CM0" -I"C:/Users/djans/Documents/GitHub/Weerstation/Master/ESP_Version_02/Weerstation_01/Drivers/CMSIS/Device/ST/STM32F0xx/Include" -I"C:/Users/djans/Documents/GitHub/Weerstation/Master/ESP_Version_02/Weerstation_01/Middlewares/Third_Party/FreeRTOS/Source/include" -I"C:/Users/djans/Documents/GitHub/Weerstation/Master/ESP_Version_02/Weerstation_01/Middlewares/Third_Party/FreeRTOS/Source/CMSIS_RTOS" -I"C:/Users/djans/Documents/GitHub/Weerstation/Master/ESP_Version_02/Weerstation_01/Drivers/CMSIS/Include"  -Og -g3 -Wall -fmessage-length=0 -ffunction-sections -c -fmessage-length=0 -MMD -MP -MF"Src/Sensors.d" -MT"Src/Sensors.o" -o "Src/Sensors.o" "../Src/Sensors.c"
Finished building: ../Src/Sensors.c
 
Building file: ../Src/bmp280.c
Invoking: MCU GCC Compiler
C:\Users\djans\Documents\GitHub\Weerstation\Master\ESP_Version_02\Weerstation_01\Debug
arm-none-eabi-gcc -mcpu=cortex-m0 -mthumb -mfloat-abi=soft '-D__weak=__attribute__((weak))' '-D__packed=__attribute__((__packed__))' -DUSE_HAL_DRIVER -DSTM32F030x8 -I"C:/Users/djans/Documents/GitHub/Weerstation/Master/ESP_Version_02/Weerstation_01/Inc" -I"C:/Users/djans/Documents/GitHub/Weerstation/Master/ESP_Version_02/Weerstation_01/Drivers/STM32F0xx_HAL_Driver/Inc" -I"C:/Users/djans/Documents/GitHub/Weerstation/Master/ESP_Version_02/Weerstation_01/Drivers/STM32F0xx_HAL_Driver/Inc/Legacy" -I"C:/Users/djans/Documents/GitHub/Weerstation/Master/ESP_Version_02/Weerstation_01/Middlewares/Third_Party/FreeRTOS/Source/portable/GCC/ARM_CM0" -I"C:/Users/djans/Documents/GitHub/Weerstation/Master/ESP_Version_02/Weerstation_01/Drivers/CMSIS/Device/ST/STM32F0xx/Include" -I"C:/Users/djans/Documents/GitHub/Weerstation/Master/ESP_Version_02/Weerstation_01/Middlewares/Third_Party/FreeRTOS/Source/include" -I"C:/Users/djans/Documents/GitHub/Weerstation/Master/ESP_Version_02/Weerstation_01/Middlewares/Third_Party/FreeRTOS/Source/CMSIS_RTOS" -I"C:/Users/djans/Documents/GitHub/Weerstation/Master/ESP_Version_02/Weerstation_01/Drivers/CMSIS/Include"  -Og -g3 -Wall -fmessage-length=0 -ffunction-sections -c -fmessage-length=0 -MMD -MP -MF"Src/bmp280.d" -MT"Src/bmp280.o" -o "Src/bmp280.o" "../Src/bmp280.c"
Finished building: ../Src/bmp280.c
 
Building file: ../Src/esp.c
Invoking: MCU GCC Compiler
C:\Users\djans\Documents\GitHub\Weerstation\Master\ESP_Version_02\Weerstation_01\Debug
arm-none-eabi-gcc -mcpu=cortex-m0 -mthumb -mfloat-abi=soft '-D__weak=__attribute__((weak))' '-D__packed=__attribute__((__packed__))' -DUSE_HAL_DRIVER -DSTM32F030x8 -I"C:/Users/djans/Documents/GitHub/Weerstation/Master/ESP_Version_02/Weerstation_01/Inc" -I"C:/Users/djans/Documents/GitHub/Weerstation/Master/ESP_Version_02/Weerstation_01/Drivers/STM32F0xx_HAL_Driver/Inc" -I"C:/Users/djans/Documents/GitHub/Weerstation/Master/ESP_Version_02/Weerstation_01/Drivers/STM32F0xx_HAL_Driver/Inc/Legacy" -I"C:/Users/djans/Documents/GitHub/Weerstation/Master/ESP_Version_02/Weerstation_01/Middlewares/Third_Party/FreeRTOS/Source/portable/GCC/ARM_CM0" -I"C:/Users/djans/Documents/GitHub/Weerstation/Master/ESP_Version_02/Weerstation_01/Drivers/CMSIS/Device/ST/STM32F0xx/Include" -I"C:/Users/djans/Documents/GitHub/Weerstation/Master/ESP_Version_02/Weerstation_01/Middlewares/Third_Party/FreeRTOS/Source/include" -I"C:/Users/djans/Documents/GitHub/Weerstation/Master/ESP_Version_02/Weerstation_01/Middlewares/Third_Party/FreeRTOS/Source/CMSIS_RTOS" -I"C:/Users/djans/Documents/GitHub/Weerstation/Master/ESP_Version_02/Weerstation_01/Drivers/CMSIS/Include"  -Og -g3 -Wall -fmessage-length=0 -ffunction-sections -c -fmessage-length=0 -MMD -MP -MF"Src/esp.d" -MT"Src/esp.o" -o "Src/esp.o" "../Src/esp.c"
../Src/esp.c: In function 'UART_Send_Command':
../Src/esp.c:35:26: warning: pointer targets in passing argument 2 of 'HAL_UART_Transmit' differ in signedness [-Wpointer-sign]
  HAL_UART_Transmit( bus, command, strlen(command), timeout );
                          ^~~~~~~
In file included from C:/Users/djans/Documents/GitHub/Weerstation/Master/ESP_Version_02/Weerstation_01/Inc/stm32f0xx_hal_conf.h:290:0,
                 from C:/Users/djans/Documents/GitHub/Weerstation/Master/ESP_Version_02/Weerstation_01/Drivers/STM32F0xx_HAL_Driver/Inc/stm32f0xx_hal.h:46,
                 from C:/Users/djans/Documents/GitHub/Weerstation/Master/ESP_Version_02/Weerstation_01/Inc/esp.h:11,
                 from ../Src/esp.c:10:
C:/Users/djans/Documents/GitHub/Weerstation/Master/ESP_Version_02/Weerstation_01/Drivers/STM32F0xx_HAL_Driver/Inc/stm32f0xx_hal_uart.h:1298:19: note: expected 'uint8_t * {aka unsigned char *}' but argument is of type 'char *'
 HAL_StatusTypeDef HAL_UART_Transmit(UART_HandleTypeDef *huart, uint8_t *pData, uint16_t Size, uint32_t Timeout);
                   ^~~~~~~~~~~~~~~~~
../Src/esp.c: In function 'UART_Read_String':
../Src/esp.c:50:38: warning: pointer targets in passing argument 2 of 'HAL_UART_Receive' differ in signedness [-Wpointer-sign]
   checkBuff = HAL_UART_Receive( bus, buff, 100, timeout );
                                      ^~~~
In file included from C:/Users/djans/Documents/GitHub/Weerstation/Master/ESP_Version_02/Weerstation_01/Inc/stm32f0xx_hal_conf.h:290:0,
                 from C:/Users/djans/Documents/GitHub/Weerstation/Master/ESP_Version_02/Weerstation_01/Drivers/STM32F0xx_HAL_Driver/Inc/stm32f0xx_hal.h:46,
                 from C:/Users/djans/Documents/GitHub/Weerstation/Master/ESP_Version_02/Weerstation_01/Inc/esp.h:11,
                 from ../Src/esp.c:10:
C:/Users/djans/Documents/GitHub/Weerstation/Master/ESP_Version_02/Weerstation_01/Drivers/STM32F0xx_HAL_Driver/Inc/stm32f0xx_hal_uart.h:1299:19: note: expected 'uint8_t * {aka unsigned char *}' but argument is of type 'char *'
 HAL_StatusTypeDef HAL_UART_Receive(UART_HandleTypeDef *huart, uint8_t *pData, uint16_t Size, uint32_t Timeout);
                   ^~~~~~~~~~~~~~~~
../Src/esp.c: In function 'uploadValues':
../Src/esp.c:76:2: warning: implicit declaration of function 'gcvt' [-Wimplicit-function-declaration]
  gcvt( temp, 4, strTem);
  ^~~~
Finished building: ../Src/esp.c
 
Building file: ../Src/freertos.c
Invoking: MCU GCC Compiler
C:\Users\djans\Documents\GitHub\Weerstation\Master\ESP_Version_02\Weerstation_01\Debug
arm-none-eabi-gcc -mcpu=cortex-m0 -mthumb -mfloat-abi=soft '-D__weak=__attribute__((weak))' '-D__packed=__attribute__((__packed__))' -DUSE_HAL_DRIVER -DSTM32F030x8 -I"C:/Users/djans/Documents/GitHub/Weerstation/Master/ESP_Version_02/Weerstation_01/Inc" -I"C:/Users/djans/Documents/GitHub/Weerstation/Master/ESP_Version_02/Weerstation_01/Drivers/STM32F0xx_HAL_Driver/Inc" -I"C:/Users/djans/Documents/GitHub/Weerstation/Master/ESP_Version_02/Weerstation_01/Drivers/STM32F0xx_HAL_Driver/Inc/Legacy" -I"C:/Users/djans/Documents/GitHub/Weerstation/Master/ESP_Version_02/Weerstation_01/Middlewares/Third_Party/FreeRTOS/Source/portable/GCC/ARM_CM0" -I"C:/Users/djans/Documents/GitHub/Weerstation/Master/ESP_Version_02/Weerstation_01/Drivers/CMSIS/Device/ST/STM32F0xx/Include" -I"C:/Users/djans/Documents/GitHub/Weerstation/Master/ESP_Version_02/Weerstation_01/Middlewares/Third_Party/FreeRTOS/Source/include" -I"C:/Users/djans/Documents/GitHub/Weerstation/Master/ESP_Version_02/Weerstation_01/Middlewares/Third_Party/FreeRTOS/Source/CMSIS_RTOS" -I"C:/Users/djans/Documents/GitHub/Weerstation/Master/ESP_Version_02/Weerstation_01/Drivers/CMSIS/Include"  -Og -g3 -Wall -fmessage-length=0 -ffunction-sections -c -fmessage-length=0 -MMD -MP -MF"Src/freertos.d" -MT"Src/freertos.o" -o "Src/freertos.o" "../Src/freertos.c"
Finished building: ../Src/freertos.c
 
Building file: ../Src/main.c
Invoking: MCU GCC Compiler
C:\Users\djans\Documents\GitHub\Weerstation\Master\ESP_Version_02\Weerstation_01\Debug
arm-none-eabi-gcc -mcpu=cortex-m0 -mthumb -mfloat-abi=soft '-D__weak=__attribute__((weak))' '-D__packed=__attribute__((__packed__))' -DUSE_HAL_DRIVER -DSTM32F030x8 -I"C:/Users/djans/Documents/GitHub/Weerstation/Master/ESP_Version_02/Weerstation_01/Inc" -I"C:/Users/djans/Documents/GitHub/Weerstation/Master/ESP_Version_02/Weerstation_01/Drivers/STM32F0xx_HAL_Driver/Inc" -I"C:/Users/djans/Documents/GitHub/Weerstation/Master/ESP_Version_02/Weerstation_01/Drivers/STM32F0xx_HAL_Driver/Inc/Legacy" -I"C:/Users/djans/Documents/GitHub/Weerstation/Master/ESP_Version_02/Weerstation_01/Middlewares/Third_Party/FreeRTOS/Source/portable/GCC/ARM_CM0" -I"C:/Users/djans/Documents/GitHub/Weerstation/Master/ESP_Version_02/Weerstation_01/Drivers/CMSIS/Device/ST/STM32F0xx/Include" -I"C:/Users/djans/Documents/GitHub/Weerstation/Master/ESP_Version_02/Weerstation_01/Middlewares/Third_Party/FreeRTOS/Source/include" -I"C:/Users/djans/Documents/GitHub/Weerstation/Master/ESP_Version_02/Weerstation_01/Middlewares/Third_Party/FreeRTOS/Source/CMSIS_RTOS" -I"C:/Users/djans/Documents/GitHub/Weerstation/Master/ESP_Version_02/Weerstation_01/Drivers/CMSIS/Include"  -Og -g3 -Wall -fmessage-length=0 -ffunction-sections -c -fmessage-length=0 -MMD -MP -MF"Src/main.d" -MT"Src/main.o" -o "Src/main.o" "../Src/main.c"
Finished building: ../Src/main.c
 
Building file: ../Src/stm32f0xx_hal_msp.c
Invoking: MCU GCC Compiler
C:\Users\djans\Documents\GitHub\Weerstation\Master\ESP_Version_02\Weerstation_01\Debug
arm-none-eabi-gcc -mcpu=cortex-m0 -mthumb -mfloat-abi=soft '-D__weak=__attribute__((weak))' '-D__packed=__attribute__((__packed__))' -DUSE_HAL_DRIVER -DSTM32F030x8 -I"C:/Users/djans/Documents/GitHub/Weerstation/Master/ESP_Version_02/Weerstation_01/Inc" -I"C:/Users/djans/Documents/GitHub/Weerstation/Master/ESP_Version_02/Weerstation_01/Drivers/STM32F0xx_HAL_Driver/Inc" -I"C:/Users/djans/Documents/GitHub/Weerstation/Master/ESP_Version_02/Weerstation_01/Drivers/STM32F0xx_HAL_Driver/Inc/Legacy" -I"C:/Users/djans/Documents/GitHub/Weerstation/Master/ESP_Version_02/Weerstation_01/Middlewares/Third_Party/FreeRTOS/Source/portable/GCC/ARM_CM0" -I"C:/Users/djans/Documents/GitHub/Weerstation/Master/ESP_Version_02/Weerstation_01/Drivers/CMSIS/Device/ST/STM32F0xx/Include" -I"C:/Users/djans/Documents/GitHub/Weerstation/Master/ESP_Version_02/Weerstation_01/Middlewares/Third_Party/FreeRTOS/Source/include" -I"C:/Users/djans/Documents/GitHub/Weerstation/Master/ESP_Version_02/Weerstation_01/Middlewares/Third_Party/FreeRTOS/Source/CMSIS_RTOS" -I"C:/Users/djans/Documents/GitHub/Weerstation/Master/ESP_Version_02/Weerstation_01/Drivers/CMSIS/Include"  -Og -g3 -Wall -fmessage-length=0 -ffunction-sections -c -fmessage-length=0 -MMD -MP -MF"Src/stm32f0xx_hal_msp.d" -MT"Src/stm32f0xx_hal_msp.o" -o "Src/stm32f0xx_hal_msp.o" "../Src/stm32f0xx_hal_msp.c"
Finished building: ../Src/stm32f0xx_hal_msp.c
 
Building file: ../Src/stm32f0xx_hal_timebase_TIM.c
Invoking: MCU GCC Compiler
C:\Users\djans\Documents\GitHub\Weerstation\Master\ESP_Version_02\Weerstation_01\Debug
arm-none-eabi-gcc -mcpu=cortex-m0 -mthumb -mfloat-abi=soft '-D__weak=__attribute__((weak))' '-D__packed=__attribute__((__packed__))' -DUSE_HAL_DRIVER -DSTM32F030x8 -I"C:/Users/djans/Documents/GitHub/Weerstation/Master/ESP_Version_02/Weerstation_01/Inc" -I"C:/Users/djans/Documents/GitHub/Weerstation/Master/ESP_Version_02/Weerstation_01/Drivers/STM32F0xx_HAL_Driver/Inc" -I"C:/Users/djans/Documents/GitHub/Weerstation/Master/ESP_Version_02/Weerstation_01/Drivers/STM32F0xx_HAL_Driver/Inc/Legacy" -I"C:/Users/djans/Documents/GitHub/Weerstation/Master/ESP_Version_02/Weerstation_01/Middlewares/Third_Party/FreeRTOS/Source/portable/GCC/ARM_CM0" -I"C:/Users/djans/Documents/GitHub/Weerstation/Master/ESP_Version_02/Weerstation_01/Drivers/CMSIS/Device/ST/STM32F0xx/Include" -I"C:/Users/djans/Documents/GitHub/Weerstation/Master/ESP_Version_02/Weerstation_01/Middlewares/Third_Party/FreeRTOS/Source/include" -I"C:/Users/djans/Documents/GitHub/Weerstation/Master/ESP_Version_02/Weerstation_01/Middlewares/Third_Party/FreeRTOS/Source/CMSIS_RTOS" -I"C:/Users/djans/Documents/GitHub/Weerstation/Master/ESP_Version_02/Weerstation_01/Drivers/CMSIS/Include"  -Og -g3 -Wall -fmessage-length=0 -ffunction-sections -c -fmessage-length=0 -MMD -MP -MF"Src/stm32f0xx_hal_timebase_TIM.d" -MT"Src/stm32f0xx_hal_timebase_TIM.o" -o "Src/stm32f0xx_hal_timebase_TIM.o" "../Src/stm32f0xx_hal_timebase_TIM.c"
Finished building: ../Src/stm32f0xx_hal_timebase_TIM.c
 
Building file: ../Src/stm32f0xx_it.c
Invoking: MCU GCC Compiler
C:\Users\djans\Documents\GitHub\Weerstation\Master\ESP_Version_02\Weerstation_01\Debug
arm-none-eabi-gcc -mcpu=cortex-m0 -mthumb -mfloat-abi=soft '-D__weak=__attribute__((weak))' '-D__packed=__attribute__((__packed__))' -DUSE_HAL_DRIVER -DSTM32F030x8 -I"C:/Users/djans/Documents/GitHub/Weerstation/Master/ESP_Version_02/Weerstation_01/Inc" -I"C:/Users/djans/Documents/GitHub/Weerstation/Master/ESP_Version_02/Weerstation_01/Drivers/STM32F0xx_HAL_Driver/Inc" -I"C:/Users/djans/Documents/GitHub/Weerstation/Master/ESP_Version_02/Weerstation_01/Drivers/STM32F0xx_HAL_Driver/Inc/Legacy" -I"C:/Users/djans/Documents/GitHub/Weerstation/Master/ESP_Version_02/Weerstation_01/Middlewares/Third_Party/FreeRTOS/Source/portable/GCC/ARM_CM0" -I"C:/Users/djans/Documents/GitHub/Weerstation/Master/ESP_Version_02/Weerstation_01/Drivers/CMSIS/Device/ST/STM32F0xx/Include" -I"C:/Users/djans/Documents/GitHub/Weerstation/Master/ESP_Version_02/Weerstation_01/Middlewares/Third_Party/FreeRTOS/Source/include" -I"C:/Users/djans/Documents/GitHub/Weerstation/Master/ESP_Version_02/Weerstation_01/Middlewares/Third_Party/FreeRTOS/Source/CMSIS_RTOS" -I"C:/Users/djans/Documents/GitHub/Weerstation/Master/ESP_Version_02/Weerstation_01/Drivers/CMSIS/Include"  -Og -g3 -Wall -fmessage-length=0 -ffunction-sections -c -fmessage-length=0 -MMD -MP -MF"Src/stm32f0xx_it.d" -MT"Src/stm32f0xx_it.o" -o "Src/stm32f0xx_it.o" "../Src/stm32f0xx_it.c"
Finished building: ../Src/stm32f0xx_it.c
 
Building file: ../Src/system_stm32f0xx.c
Invoking: MCU GCC Compiler
C:\Users\djans\Documents\GitHub\Weerstation\Master\ESP_Version_02\Weerstation_01\Debug
arm-none-eabi-gcc -mcpu=cortex-m0 -mthumb -mfloat-abi=soft '-D__weak=__attribute__((weak))' '-D__packed=__attribute__((__packed__))' -DUSE_HAL_DRIVER -DSTM32F030x8 -I"C:/Users/djans/Documents/GitHub/Weerstation/Master/ESP_Version_02/Weerstation_01/Inc" -I"C:/Users/djans/Documents/GitHub/Weerstation/Master/ESP_Version_02/Weerstation_01/Drivers/STM32F0xx_HAL_Driver/Inc" -I"C:/Users/djans/Documents/GitHub/Weerstation/Master/ESP_Version_02/Weerstation_01/Drivers/STM32F0xx_HAL_Driver/Inc/Legacy" -I"C:/Users/djans/Documents/GitHub/Weerstation/Master/ESP_Version_02/Weerstation_01/Middlewares/Third_Party/FreeRTOS/Source/portable/GCC/ARM_CM0" -I"C:/Users/djans/Documents/GitHub/Weerstation/Master/ESP_Version_02/Weerstation_01/Drivers/CMSIS/Device/ST/STM32F0xx/Include" -I"C:/Users/djans/Documents/GitHub/Weerstation/Master/ESP_Version_02/Weerstation_01/Middlewares/Third_Party/FreeRTOS/Source/include" -I"C:/Users/djans/Documents/GitHub/Weerstation/Master/ESP_Version_02/Weerstation_01/Middlewares/Third_Party/FreeRTOS/Source/CMSIS_RTOS" -I"C:/Users/djans/Documents/GitHub/Weerstation/Master/ESP_Version_02/Weerstation_01/Drivers/CMSIS/Include"  -Og -g3 -Wall -fmessage-length=0 -ffunction-sections -c -fmessage-length=0 -MMD -MP -MF"Src/system_stm32f0xx.d" -MT"Src/system_stm32f0xx.o" -o "Src/system_stm32f0xx.o" "../Src/system_stm32f0xx.c"
Finished building: ../Src/system_stm32f0xx.c
 
Building file: ../Middlewares/Third_Party/FreeRTOS/Source/portable/MemMang/heap_4.c
Invoking: MCU GCC Compiler
C:\Users\djans\Documents\GitHub\Weerstation\Master\ESP_Version_02\Weerstation_01\Debug
arm-none-eabi-gcc -mcpu=cortex-m0 -mthumb -mfloat-abi=soft '-D__weak=__attribute__((weak))' '-D__packed=__attribute__((__packed__))' -DUSE_HAL_DRIVER -DSTM32F030x8 -I"C:/Users/djans/Documents/GitHub/Weerstation/Master/ESP_Version_02/Weerstation_01/Inc" -I"C:/Users/djans/Documents/GitHub/Weerstation/Master/ESP_Version_02/Weerstation_01/Drivers/STM32F0xx_HAL_Driver/Inc" -I"C:/Users/djans/Documents/GitHub/Weerstation/Master/ESP_Version_02/Weerstation_01/Drivers/STM32F0xx_HAL_Driver/Inc/Legacy" -I"C:/Users/djans/Documents/GitHub/Weerstation/Master/ESP_Version_02/Weerstation_01/Middlewares/Third_Party/FreeRTOS/Source/portable/GCC/ARM_CM0" -I"C:/Users/djans/Documents/GitHub/Weerstation/Master/ESP_Version_02/Weerstation_01/Drivers/CMSIS/Device/ST/STM32F0xx/Include" -I"C:/Users/djans/Documents/GitHub/Weerstation/Master/ESP_Version_02/Weerstation_01/Middlewares/Third_Party/FreeRTOS/Source/include" -I"C:/Users/djans/Documents/GitHub/Weerstation/Master/ESP_Version_02/Weerstation_01/Middlewares/Third_Party/FreeRTOS/Source/CMSIS_RTOS" -I"C:/Users/djans/Documents/GitHub/Weerstation/Master/ESP_Version_02/Weerstation_01/Drivers/CMSIS/Include"  -Og -g3 -Wall -fmessage-length=0 -ffunction-sections -c -fmessage-length=0 -MMD -MP -MF"Middlewares/Third_Party/FreeRTOS/Source/portable/MemMang/heap_4.d" -MT"Middlewares/Third_Party/FreeRTOS/Source/portable/MemMang/heap_4.o" -o "Middlewares/Third_Party/FreeRTOS/Source/portable/MemMang/heap_4.o" "../Middlewares/Third_Party/FreeRTOS/Source/portable/MemMang/heap_4.c"
Finished building: ../Middlewares/Third_Party/FreeRTOS/Source/portable/MemMang/heap_4.c
 
Building file: ../Middlewares/Third_Party/FreeRTOS/Source/portable/GCC/ARM_CM0/port.c
Invoking: MCU GCC Compiler
C:\Users\djans\Documents\GitHub\Weerstation\Master\ESP_Version_02\Weerstation_01\Debug
arm-none-eabi-gcc -mcpu=cortex-m0 -mthumb -mfloat-abi=soft '-D__weak=__attribute__((weak))' '-D__packed=__attribute__((__packed__))' -DUSE_HAL_DRIVER -DSTM32F030x8 -I"C:/Users/djans/Documents/GitHub/Weerstation/Master/ESP_Version_02/Weerstation_01/Inc" -I"C:/Users/djans/Documents/GitHub/Weerstation/Master/ESP_Version_02/Weerstation_01/Drivers/STM32F0xx_HAL_Driver/Inc" -I"C:/Users/djans/Documents/GitHub/Weerstation/Master/ESP_Version_02/Weerstation_01/Drivers/STM32F0xx_HAL_Driver/Inc/Legacy" -I"C:/Users/djans/Documents/GitHub/Weerstation/Master/ESP_Version_02/Weerstation_01/Middlewares/Third_Party/FreeRTOS/Source/portable/GCC/ARM_CM0" -I"C:/Users/djans/Documents/GitHub/Weerstation/Master/ESP_Version_02/Weerstation_01/Drivers/CMSIS/Device/ST/STM32F0xx/Include" -I"C:/Users/djans/Documents/GitHub/Weerstation/Master/ESP_Version_02/Weerstation_01/Middlewares/Third_Party/FreeRTOS/Source/include" -I"C:/Users/djans/Documents/GitHub/Weerstation/Master/ESP_Version_02/Weerstation_01/Middlewares/Third_Party/FreeRTOS/Source/CMSIS_RTOS" -I"C:/Users/djans/Documents/GitHub/Weerstation/Master/ESP_Version_02/Weerstation_01/Drivers/CMSIS/Include"  -Og -g3 -Wall -fmessage-length=0 -ffunction-sections -c -fmessage-length=0 -MMD -MP -MF"Middlewares/Third_Party/FreeRTOS/Source/portable/GCC/ARM_CM0/port.d" -MT"Middlewares/Third_Party/FreeRTOS/Source/portable/GCC/ARM_CM0/port.o" -o "Middlewares/Third_Party/FreeRTOS/Source/portable/GCC/ARM_CM0/port.o" "../Middlewares/Third_Party/FreeRTOS/Source/portable/GCC/ARM_CM0/port.c"
Finished building: ../Middlewares/Third_Party/FreeRTOS/Source/portable/GCC/ARM_CM0/port.c
 
Building file: ../Middlewares/Third_Party/FreeRTOS/Source/CMSIS_RTOS/cmsis_os.c
Invoking: MCU GCC Compiler
C:\Users\djans\Documents\GitHub\Weerstation\Master\ESP_Version_02\Weerstation_01\Debug
arm-none-eabi-gcc -mcpu=cortex-m0 -mthumb -mfloat-abi=soft '-D__weak=__attribute__((weak))' '-D__packed=__attribute__((__packed__))' -DUSE_HAL_DRIVER -DSTM32F030x8 -I"C:/Users/djans/Documents/GitHub/Weerstation/Master/ESP_Version_02/Weerstation_01/Inc" -I"C:/Users/djans/Documents/GitHub/Weerstation/Master/ESP_Version_02/Weerstation_01/Drivers/STM32F0xx_HAL_Driver/Inc" -I"C:/Users/djans/Documents/GitHub/Weerstation/Master/ESP_Version_02/Weerstation_01/Drivers/STM32F0xx_HAL_Driver/Inc/Legacy" -I"C:/Users/djans/Documents/GitHub/Weerstation/Master/ESP_Version_02/Weerstation_01/Middlewares/Third_Party/FreeRTOS/Source/portable/GCC/ARM_CM0" -I"C:/Users/djans/Documents/GitHub/Weerstation/Master/ESP_Version_02/Weerstation_01/Drivers/CMSIS/Device/ST/STM32F0xx/Include" -I"C:/Users/djans/Documents/GitHub/Weerstation/Master/ESP_Version_02/Weerstation_01/Middlewares/Third_Party/FreeRTOS/Source/include" -I"C:/Users/djans/Documents/GitHub/Weerstation/Master/ESP_Version_02/Weerstation_01/Middlewares/Third_Party/FreeRTOS/Source/CMSIS_RTOS" -I"C:/Users/djans/Documents/GitHub/Weerstation/Master/ESP_Version_02/Weerstation_01/Drivers/CMSIS/Include"  -Og -g3 -Wall -fmessage-length=0 -ffunction-sections -c -fmessage-length=0 -MMD -MP -MF"Middlewares/Third_Party/FreeRTOS/Source/CMSIS_RTOS/cmsis_os.d" -MT"Middlewares/Third_Party/FreeRTOS/Source/CMSIS_RTOS/cmsis_os.o" -o "Middlewares/Third_Party/FreeRTOS/Source/CMSIS_RTOS/cmsis_os.o" "../Middlewares/Third_Party/FreeRTOS/Source/CMSIS_RTOS/cmsis_os.c"
Finished building: ../Middlewares/Third_Party/FreeRTOS/Source/CMSIS_RTOS/cmsis_os.c
 
Building file: ../Middlewares/Third_Party/FreeRTOS/Source/croutine.c
Invoking: MCU GCC Compiler
C:\Users\djans\Documents\GitHub\Weerstation\Master\ESP_Version_02\Weerstation_01\Debug
arm-none-eabi-gcc -mcpu=cortex-m0 -mthumb -mfloat-abi=soft '-D__weak=__attribute__((weak))' '-D__packed=__attribute__((__packed__))' -DUSE_HAL_DRIVER -DSTM32F030x8 -I"C:/Users/djans/Documents/GitHub/Weerstation/Master/ESP_Version_02/Weerstation_01/Inc" -I"C:/Users/djans/Documents/GitHub/Weerstation/Master/ESP_Version_02/Weerstation_01/Drivers/STM32F0xx_HAL_Driver/Inc" -I"C:/Users/djans/Documents/GitHub/Weerstation/Master/ESP_Version_02/Weerstation_01/Drivers/STM32F0xx_HAL_Driver/Inc/Legacy" -I"C:/Users/djans/Documents/GitHub/Weerstation/Master/ESP_Version_02/Weerstation_01/Middlewares/Third_Party/FreeRTOS/Source/portable/GCC/ARM_CM0" -I"C:/Users/djans/Documents/GitHub/Weerstation/Master/ESP_Version_02/Weerstation_01/Drivers/CMSIS/Device/ST/STM32F0xx/Include" -I"C:/Users/djans/Documents/GitHub/Weerstation/Master/ESP_Version_02/Weerstation_01/Middlewares/Third_Party/FreeRTOS/Source/include" -I"C:/Users/djans/Documents/GitHub/Weerstation/Master/ESP_Version_02/Weerstation_01/Middlewares/Third_Party/FreeRTOS/Source/CMSIS_RTOS" -I"C:/Users/djans/Documents/GitHub/Weerstation/Master/ESP_Version_02/Weerstation_01/Drivers/CMSIS/Include"  -Og -g3 -Wall -fmessage-length=0 -ffunction-sections -c -fmessage-length=0 -MMD -MP -MF"Middlewares/Third_Party/FreeRTOS/Source/croutine.d" -MT"Middlewares/Third_Party/FreeRTOS/Source/croutine.o" -o "Middlewares/Third_Party/FreeRTOS/Source/croutine.o" "../Middlewares/Third_Party/FreeRTOS/Source/croutine.c"
Finished building: ../Middlewares/Third_Party/FreeRTOS/Source/croutine.c
 
Building file: ../Middlewares/Third_Party/FreeRTOS/Source/event_groups.c
Invoking: MCU GCC Compiler
C:\Users\djans\Documents\GitHub\Weerstation\Master\ESP_Version_02\Weerstation_01\Debug
arm-none-eabi-gcc -mcpu=cortex-m0 -mthumb -mfloat-abi=soft '-D__weak=__attribute__((weak))' '-D__packed=__attribute__((__packed__))' -DUSE_HAL_DRIVER -DSTM32F030x8 -I"C:/Users/djans/Documents/GitHub/Weerstation/Master/ESP_Version_02/Weerstation_01/Inc" -I"C:/Users/djans/Documents/GitHub/Weerstation/Master/ESP_Version_02/Weerstation_01/Drivers/STM32F0xx_HAL_Driver/Inc" -I"C:/Users/djans/Documents/GitHub/Weerstation/Master/ESP_Version_02/Weerstation_01/Drivers/STM32F0xx_HAL_Driver/Inc/Legacy" -I"C:/Users/djans/Documents/GitHub/Weerstation/Master/ESP_Version_02/Weerstation_01/Middlewares/Third_Party/FreeRTOS/Source/portable/GCC/ARM_CM0" -I"C:/Users/djans/Documents/GitHub/Weerstation/Master/ESP_Version_02/Weerstation_01/Drivers/CMSIS/Device/ST/STM32F0xx/Include" -I"C:/Users/djans/Documents/GitHub/Weerstation/Master/ESP_Version_02/Weerstation_01/Middlewares/Third_Party/FreeRTOS/Source/include" -I"C:/Users/djans/Documents/GitHub/Weerstation/Master/ESP_Version_02/Weerstation_01/Middlewares/Third_Party/FreeRTOS/Source/CMSIS_RTOS" -I"C:/Users/djans/Documents/GitHub/Weerstation/Master/ESP_Version_02/Weerstation_01/Drivers/CMSIS/Include"  -Og -g3 -Wall -fmessage-length=0 -ffunction-sections -c -fmessage-length=0 -MMD -MP -MF"Middlewares/Third_Party/FreeRTOS/Source/event_groups.d" -MT"Middlewares/Third_Party/FreeRTOS/Source/event_groups.o" -o "Middlewares/Third_Party/FreeRTOS/Source/event_groups.o" "../Middlewares/Third_Party/FreeRTOS/Source/event_groups.c"
Finished building: ../Middlewares/Third_Party/FreeRTOS/Source/event_groups.c
 
Building file: ../Middlewares/Third_Party/FreeRTOS/Source/list.c
Invoking: MCU GCC Compiler
C:\Users\djans\Documents\GitHub\Weerstation\Master\ESP_Version_02\Weerstation_01\Debug
arm-none-eabi-gcc -mcpu=cortex-m0 -mthumb -mfloat-abi=soft '-D__weak=__attribute__((weak))' '-D__packed=__attribute__((__packed__))' -DUSE_HAL_DRIVER -DSTM32F030x8 -I"C:/Users/djans/Documents/GitHub/Weerstation/Master/ESP_Version_02/Weerstation_01/Inc" -I"C:/Users/djans/Documents/GitHub/Weerstation/Master/ESP_Version_02/Weerstation_01/Drivers/STM32F0xx_HAL_Driver/Inc" -I"C:/Users/djans/Documents/GitHub/Weerstation/Master/ESP_Version_02/Weerstation_01/Drivers/STM32F0xx_HAL_Driver/Inc/Legacy" -I"C:/Users/djans/Documents/GitHub/Weerstation/Master/ESP_Version_02/Weerstation_01/Middlewares/Third_Party/FreeRTOS/Source/portable/GCC/ARM_CM0" -I"C:/Users/djans/Documents/GitHub/Weerstation/Master/ESP_Version_02/Weerstation_01/Drivers/CMSIS/Device/ST/STM32F0xx/Include" -I"C:/Users/djans/Documents/GitHub/Weerstation/Master/ESP_Version_02/Weerstation_01/Middlewares/Third_Party/FreeRTOS/Source/include" -I"C:/Users/djans/Documents/GitHub/Weerstation/Master/ESP_Version_02/Weerstation_01/Middlewares/Third_Party/FreeRTOS/Source/CMSIS_RTOS" -I"C:/Users/djans/Documents/GitHub/Weerstation/Master/ESP_Version_02/Weerstation_01/Drivers/CMSIS/Include"  -Og -g3 -Wall -fmessage-length=0 -ffunction-sections -c -fmessage-length=0 -MMD -MP -MF"Middlewares/Third_Party/FreeRTOS/Source/list.d" -MT"Middlewares/Third_Party/FreeRTOS/Source/list.o" -o "Middlewares/Third_Party/FreeRTOS/Source/list.o" "../Middlewares/Third_Party/FreeRTOS/Source/list.c"
Finished building: ../Middlewares/Third_Party/FreeRTOS/Source/list.c
 
Building file: ../Middlewares/Third_Party/FreeRTOS/Source/queue.c
Invoking: MCU GCC Compiler
C:\Users\djans\Documents\GitHub\Weerstation\Master\ESP_Version_02\Weerstation_01\Debug
arm-none-eabi-gcc -mcpu=cortex-m0 -mthumb -mfloat-abi=soft '-D__weak=__attribute__((weak))' '-D__packed=__attribute__((__packed__))' -DUSE_HAL_DRIVER -DSTM32F030x8 -I"C:/Users/djans/Documents/GitHub/Weerstation/Master/ESP_Version_02/Weerstation_01/Inc" -I"C:/Users/djans/Documents/GitHub/Weerstation/Master/ESP_Version_02/Weerstation_01/Drivers/STM32F0xx_HAL_Driver/Inc" -I"C:/Users/djans/Documents/GitHub/Weerstation/Master/ESP_Version_02/Weerstation_01/Drivers/STM32F0xx_HAL_Driver/Inc/Legacy" -I"C:/Users/djans/Documents/GitHub/Weerstation/Master/ESP_Version_02/Weerstation_01/Middlewares/Third_Party/FreeRTOS/Source/portable/GCC/ARM_CM0" -I"C:/Users/djans/Documents/GitHub/Weerstation/Master/ESP_Version_02/Weerstation_01/Drivers/CMSIS/Device/ST/STM32F0xx/Include" -I"C:/Users/djans/Documents/GitHub/Weerstation/Master/ESP_Version_02/Weerstation_01/Middlewares/Third_Party/FreeRTOS/Source/include" -I"C:/Users/djans/Documents/GitHub/Weerstation/Master/ESP_Version_02/Weerstation_01/Middlewares/Third_Party/FreeRTOS/Source/CMSIS_RTOS" -I"C:/Users/djans/Documents/GitHub/Weerstation/Master/ESP_Version_02/Weerstation_01/Drivers/CMSIS/Include"  -Og -g3 -Wall -fmessage-length=0 -ffunction-sections -c -fmessage-length=0 -MMD -MP -MF"Middlewares/Third_Party/FreeRTOS/Source/queue.d" -MT"Middlewares/Third_Party/FreeRTOS/Source/queue.o" -o "Middlewares/Third_Party/FreeRTOS/Source/queue.o" "../Middlewares/Third_Party/FreeRTOS/Source/queue.c"
Finished building: ../Middlewares/Third_Party/FreeRTOS/Source/queue.c
 
Building file: ../Middlewares/Third_Party/FreeRTOS/Source/tasks.c
Invoking: MCU GCC Compiler
C:\Users\djans\Documents\GitHub\Weerstation\Master\ESP_Version_02\Weerstation_01\Debug
arm-none-eabi-gcc -mcpu=cortex-m0 -mthumb -mfloat-abi=soft '-D__weak=__attribute__((weak))' '-D__packed=__attribute__((__packed__))' -DUSE_HAL_DRIVER -DSTM32F030x8 -I"C:/Users/djans/Documents/GitHub/Weerstation/Master/ESP_Version_02/Weerstation_01/Inc" -I"C:/Users/djans/Documents/GitHub/Weerstation/Master/ESP_Version_02/Weerstation_01/Drivers/STM32F0xx_HAL_Driver/Inc" -I"C:/Users/djans/Documents/GitHub/Weerstation/Master/ESP_Version_02/Weerstation_01/Drivers/STM32F0xx_HAL_Driver/Inc/Legacy" -I"C:/Users/djans/Documents/GitHub/Weerstation/Master/ESP_Version_02/Weerstation_01/Middlewares/Third_Party/FreeRTOS/Source/portable/GCC/ARM_CM0" -I"C:/Users/djans/Documents/GitHub/Weerstation/Master/ESP_Version_02/Weerstation_01/Drivers/CMSIS/Device/ST/STM32F0xx/Include" -I"C:/Users/djans/Documents/GitHub/Weerstation/Master/ESP_Version_02/Weerstation_01/Middlewares/Third_Party/FreeRTOS/Source/include" -I"C:/Users/djans/Documents/GitHub/Weerstation/Master/ESP_Version_02/Weerstation_01/Middlewares/Third_Party/FreeRTOS/Source/CMSIS_RTOS" -I"C:/Users/djans/Documents/GitHub/Weerstation/Master/ESP_Version_02/Weerstation_01/Drivers/CMSIS/Include"  -Og -g3 -Wall -fmessage-length=0 -ffunction-sections -c -fmessage-length=0 -MMD -MP -MF"Middlewares/Third_Party/FreeRTOS/Source/tasks.d" -MT"Middlewares/Third_Party/FreeRTOS/Source/tasks.o" -o "Middlewares/Third_Party/FreeRTOS/Source/tasks.o" "../Middlewares/Third_Party/FreeRTOS/Source/tasks.c"
Finished building: ../Middlewares/Third_Party/FreeRTOS/Source/tasks.c
 
Building file: ../Middlewares/Third_Party/FreeRTOS/Source/timers.c
Invoking: MCU GCC Compiler
C:\Users\djans\Documents\GitHub\Weerstation\Master\ESP_Version_02\Weerstation_01\Debug
arm-none-eabi-gcc -mcpu=cortex-m0 -mthumb -mfloat-abi=soft '-D__weak=__attribute__((weak))' '-D__packed=__attribute__((__packed__))' -DUSE_HAL_DRIVER -DSTM32F030x8 -I"C:/Users/djans/Documents/GitHub/Weerstation/Master/ESP_Version_02/Weerstation_01/Inc" -I"C:/Users/djans/Documents/GitHub/Weerstation/Master/ESP_Version_02/Weerstation_01/Drivers/STM32F0xx_HAL_Driver/Inc" -I"C:/Users/djans/Documents/GitHub/Weerstation/Master/ESP_Version_02/Weerstation_01/Drivers/STM32F0xx_HAL_Driver/Inc/Legacy" -I"C:/Users/djans/Documents/GitHub/Weerstation/Master/ESP_Version_02/Weerstation_01/Middlewares/Third_Party/FreeRTOS/Source/portable/GCC/ARM_CM0" -I"C:/Users/djans/Documents/GitHub/Weerstation/Master/ESP_Version_02/Weerstation_01/Drivers/CMSIS/Device/ST/STM32F0xx/Include" -I"C:/Users/djans/Documents/GitHub/Weerstation/Master/ESP_Version_02/Weerstation_01/Middlewares/Third_Party/FreeRTOS/Source/include" -I"C:/Users/djans/Documents/GitHub/Weerstation/Master/ESP_Version_02/Weerstation_01/Middlewares/Third_Party/FreeRTOS/Source/CMSIS_RTOS" -I"C:/Users/djans/Documents/GitHub/Weerstation/Master/ESP_Version_02/Weerstation_01/Drivers/CMSIS/Include"  -Og -g3 -Wall -fmessage-length=0 -ffunction-sections -c -fmessage-length=0 -MMD -MP -MF"Middlewares/Third_Party/FreeRTOS/Source/timers.d" -MT"Middlewares/Third_Party/FreeRTOS/Source/timers.o" -o "Middlewares/Third_Party/FreeRTOS/Source/timers.o" "../Middlewares/Third_Party/FreeRTOS/Source/timers.c"
Finished building: ../Middlewares/Third_Party/FreeRTOS/Source/timers.c
 
Building file: ../Drivers/STM32F0xx_HAL_Driver/Src/stm32f0xx_hal.c
Invoking: MCU GCC Compiler
C:\Users\djans\Documents\GitHub\Weerstation\Master\ESP_Version_02\Weerstation_01\Debug
arm-none-eabi-gcc -mcpu=cortex-m0 -mthumb -mfloat-abi=soft '-D__weak=__attribute__((weak))' '-D__packed=__attribute__((__packed__))' -DUSE_HAL_DRIVER -DSTM32F030x8 -I"C:/Users/djans/Documents/GitHub/Weerstation/Master/ESP_Version_02/Weerstation_01/Inc" -I"C:/Users/djans/Documents/GitHub/Weerstation/Master/ESP_Version_02/Weerstation_01/Drivers/STM32F0xx_HAL_Driver/Inc" -I"C:/Users/djans/Documents/GitHub/Weerstation/Master/ESP_Version_02/Weerstation_01/Drivers/STM32F0xx_HAL_Driver/Inc/Legacy" -I"C:/Users/djans/Documents/GitHub/Weerstation/Master/ESP_Version_02/Weerstation_01/Middlewares/Third_Party/FreeRTOS/Source/portable/GCC/ARM_CM0" -I"C:/Users/djans/Documents/GitHub/Weerstation/Master/ESP_Version_02/Weerstation_01/Drivers/CMSIS/Device/ST/STM32F0xx/Include" -I"C:/Users/djans/Documents/GitHub/Weerstation/Master/ESP_Version_02/Weerstation_01/Middlewares/Third_Party/FreeRTOS/Source/include" -I"C:/Users/djans/Documents/GitHub/Weerstation/Master/ESP_Version_02/Weerstation_01/Middlewares/Third_Party/FreeRTOS/Source/CMSIS_RTOS" -I"C:/Users/djans/Documents/GitHub/Weerstation/Master/ESP_Version_02/Weerstation_01/Drivers/CMSIS/Include"  -Og -g3 -Wall -fmessage-length=0 -ffunction-sections -c -fmessage-length=0 -MMD -MP -MF"Drivers/STM32F0xx_HAL_Driver/Src/stm32f0xx_hal.d" -MT"Drivers/STM32F0xx_HAL_Driver/Src/stm32f0xx_hal.o" -o "Drivers/STM32F0xx_HAL_Driver/Src/stm32f0xx_hal.o" "../Drivers/STM32F0xx_HAL_Driver/Src/stm32f0xx_hal.c"
Finished building: ../Drivers/STM32F0xx_HAL_Driver/Src/stm32f0xx_hal.c
 
Building file: ../Drivers/STM32F0xx_HAL_Driver/Src/stm32f0xx_hal_cortex.c
Invoking: MCU GCC Compiler
C:\Users\djans\Documents\GitHub\Weerstation\Master\ESP_Version_02\Weerstation_01\Debug
arm-none-eabi-gcc -mcpu=cortex-m0 -mthumb -mfloat-abi=soft '-D__weak=__attribute__((weak))' '-D__packed=__attribute__((__packed__))' -DUSE_HAL_DRIVER -DSTM32F030x8 -I"C:/Users/djans/Documents/GitHub/Weerstation/Master/ESP_Version_02/Weerstation_01/Inc" -I"C:/Users/djans/Documents/GitHub/Weerstation/Master/ESP_Version_02/Weerstation_01/Drivers/STM32F0xx_HAL_Driver/Inc" -I"C:/Users/djans/Documents/GitHub/Weerstation/Master/ESP_Version_02/Weerstation_01/Drivers/STM32F0xx_HAL_Driver/Inc/Legacy" -I"C:/Users/djans/Documents/GitHub/Weerstation/Master/ESP_Version_02/Weerstation_01/Middlewares/Third_Party/FreeRTOS/Source/portable/GCC/ARM_CM0" -I"C:/Users/djans/Documents/GitHub/Weerstation/Master/ESP_Version_02/Weerstation_01/Drivers/CMSIS/Device/ST/STM32F0xx/Include" -I"C:/Users/djans/Documents/GitHub/Weerstation/Master/ESP_Version_02/Weerstation_01/Middlewares/Third_Party/FreeRTOS/Source/include" -I"C:/Users/djans/Documents/GitHub/Weerstation/Master/ESP_Version_02/Weerstation_01/Middlewares/Third_Party/FreeRTOS/Source/CMSIS_RTOS" -I"C:/Users/djans/Documents/GitHub/Weerstation/Master/ESP_Version_02/Weerstation_01/Drivers/CMSIS/Include"  -Og -g3 -Wall -fmessage-length=0 -ffunction-sections -c -fmessage-length=0 -MMD -MP -MF"Drivers/STM32F0xx_HAL_Driver/Src/stm32f0xx_hal_cortex.d" -MT"Drivers/STM32F0xx_HAL_Driver/Src/stm32f0xx_hal_cortex.o" -o "Drivers/STM32F0xx_HAL_Driver/Src/stm32f0xx_hal_cortex.o" "../Drivers/STM32F0xx_HAL_Driver/Src/stm32f0xx_hal_cortex.c"
Finished building: ../Drivers/STM32F0xx_HAL_Driver/Src/stm32f0xx_hal_cortex.c
 
Building file: ../Drivers/STM32F0xx_HAL_Driver/Src/stm32f0xx_hal_dma.c
Invoking: MCU GCC Compiler
C:\Users\djans\Documents\GitHub\Weerstation\Master\ESP_Version_02\Weerstation_01\Debug
arm-none-eabi-gcc -mcpu=cortex-m0 -mthumb -mfloat-abi=soft '-D__weak=__attribute__((weak))' '-D__packed=__attribute__((__packed__))' -DUSE_HAL_DRIVER -DSTM32F030x8 -I"C:/Users/djans/Documents/GitHub/Weerstation/Master/ESP_Version_02/Weerstation_01/Inc" -I"C:/Users/djans/Documents/GitHub/Weerstation/Master/ESP_Version_02/Weerstation_01/Drivers/STM32F0xx_HAL_Driver/Inc" -I"C:/Users/djans/Documents/GitHub/Weerstation/Master/ESP_Version_02/Weerstation_01/Drivers/STM32F0xx_HAL_Driver/Inc/Legacy" -I"C:/Users/djans/Documents/GitHub/Weerstation/Master/ESP_Version_02/Weerstation_01/Middlewares/Third_Party/FreeRTOS/Source/portable/GCC/ARM_CM0" -I"C:/Users/djans/Documents/GitHub/Weerstation/Master/ESP_Version_02/Weerstation_01/Drivers/CMSIS/Device/ST/STM32F0xx/Include" -I"C:/Users/djans/Documents/GitHub/Weerstation/Master/ESP_Version_02/Weerstation_01/Middlewares/Third_Party/FreeRTOS/Source/include" -I"C:/Users/djans/Documents/GitHub/Weerstation/Master/ESP_Version_02/Weerstation_01/Middlewares/Third_Party/FreeRTOS/Source/CMSIS_RTOS" -I"C:/Users/djans/Documents/GitHub/Weerstation/Master/ESP_Version_02/Weerstation_01/Drivers/CMSIS/Include"  -Og -g3 -Wall -fmessage-length=0 -ffunction-sections -c -fmessage-length=0 -MMD -MP -MF"Drivers/STM32F0xx_HAL_Driver/Src/stm32f0xx_hal_dma.d" -MT"Drivers/STM32F0xx_HAL_Driver/Src/stm32f0xx_hal_dma.o" -o "Drivers/STM32F0xx_HAL_Driver/Src/stm32f0xx_hal_dma.o" "../Drivers/STM32F0xx_HAL_Driver/Src/stm32f0xx_hal_dma.c"
Finished building: ../Drivers/STM32F0xx_HAL_Driver/Src/stm32f0xx_hal_dma.c
 
Building file: ../Drivers/STM32F0xx_HAL_Driver/Src/stm32f0xx_hal_flash.c
Invoking: MCU GCC Compiler
C:\Users\djans\Documents\GitHub\Weerstation\Master\ESP_Version_02\Weerstation_01\Debug
arm-none-eabi-gcc -mcpu=cortex-m0 -mthumb -mfloat-abi=soft '-D__weak=__attribute__((weak))' '-D__packed=__attribute__((__packed__))' -DUSE_HAL_DRIVER -DSTM32F030x8 -I"C:/Users/djans/Documents/GitHub/Weerstation/Master/ESP_Version_02/Weerstation_01/Inc" -I"C:/Users/djans/Documents/GitHub/Weerstation/Master/ESP_Version_02/Weerstation_01/Drivers/STM32F0xx_HAL_Driver/Inc" -I"C:/Users/djans/Documents/GitHub/Weerstation/Master/ESP_Version_02/Weerstation_01/Drivers/STM32F0xx_HAL_Driver/Inc/Legacy" -I"C:/Users/djans/Documents/GitHub/Weerstation/Master/ESP_Version_02/Weerstation_01/Middlewares/Third_Party/FreeRTOS/Source/portable/GCC/ARM_CM0" -I"C:/Users/djans/Documents/GitHub/Weerstation/Master/ESP_Version_02/Weerstation_01/Drivers/CMSIS/Device/ST/STM32F0xx/Include" -I"C:/Users/djans/Documents/GitHub/Weerstation/Master/ESP_Version_02/Weerstation_01/Middlewares/Third_Party/FreeRTOS/Source/include" -I"C:/Users/djans/Documents/GitHub/Weerstation/Master/ESP_Version_02/Weerstation_01/Middlewares/Third_Party/FreeRTOS/Source/CMSIS_RTOS" -I"C:/Users/djans/Documents/GitHub/Weerstation/Master/ESP_Version_02/Weerstation_01/Drivers/CMSIS/Include"  -Og -g3 -Wall -fmessage-length=0 -ffunction-sections -c -fmessage-length=0 -MMD -MP -MF"Drivers/STM32F0xx_HAL_Driver/Src/stm32f0xx_hal_flash.d" -MT"Drivers/STM32F0xx_HAL_Driver/Src/stm32f0xx_hal_flash.o" -o "Drivers/STM32F0xx_HAL_Driver/Src/stm32f0xx_hal_flash.o" "../Drivers/STM32F0xx_HAL_Driver/Src/stm32f0xx_hal_flash.c"
Finished building: ../Drivers/STM32F0xx_HAL_Driver/Src/stm32f0xx_hal_flash.c
 
Building file: ../Drivers/STM32F0xx_HAL_Driver/Src/stm32f0xx_hal_flash_ex.c
Invoking: MCU GCC Compiler
C:\Users\djans\Documents\GitHub\Weerstation\Master\ESP_Version_02\Weerstation_01\Debug
arm-none-eabi-gcc -mcpu=cortex-m0 -mthumb -mfloat-abi=soft '-D__weak=__attribute__((weak))' '-D__packed=__attribute__((__packed__))' -DUSE_HAL_DRIVER -DSTM32F030x8 -I"C:/Users/djans/Documents/GitHub/Weerstation/Master/ESP_Version_02/Weerstation_01/Inc" -I"C:/Users/djans/Documents/GitHub/Weerstation/Master/ESP_Version_02/Weerstation_01/Drivers/STM32F0xx_HAL_Driver/Inc" -I"C:/Users/djans/Documents/GitHub/Weerstation/Master/ESP_Version_02/Weerstation_01/Drivers/STM32F0xx_HAL_Driver/Inc/Legacy" -I"C:/Users/djans/Documents/GitHub/Weerstation/Master/ESP_Version_02/Weerstation_01/Middlewares/Third_Party/FreeRTOS/Source/portable/GCC/ARM_CM0" -I"C:/Users/djans/Documents/GitHub/Weerstation/Master/ESP_Version_02/Weerstation_01/Drivers/CMSIS/Device/ST/STM32F0xx/Include" -I"C:/Users/djans/Documents/GitHub/Weerstation/Master/ESP_Version_02/Weerstation_01/Middlewares/Third_Party/FreeRTOS/Source/include" -I"C:/Users/djans/Documents/GitHub/Weerstation/Master/ESP_Version_02/Weerstation_01/Middlewares/Third_Party/FreeRTOS/Source/CMSIS_RTOS" -I"C:/Users/djans/Documents/GitHub/Weerstation/Master/ESP_Version_02/Weerstation_01/Drivers/CMSIS/Include"  -Og -g3 -Wall -fmessage-length=0 -ffunction-sections -c -fmessage-length=0 -MMD -MP -MF"Drivers/STM32F0xx_HAL_Driver/Src/stm32f0xx_hal_flash_ex.d" -MT"Drivers/STM32F0xx_HAL_Driver/Src/stm32f0xx_hal_flash_ex.o" -o "Drivers/STM32F0xx_HAL_Driver/Src/stm32f0xx_hal_flash_ex.o" "../Drivers/STM32F0xx_HAL_Driver/Src/stm32f0xx_hal_flash_ex.c"
Finished building: ../Drivers/STM32F0xx_HAL_Driver/Src/stm32f0xx_hal_flash_ex.c
 
Building file: ../Drivers/STM32F0xx_HAL_Driver/Src/stm32f0xx_hal_gpio.c
Invoking: MCU GCC Compiler
C:\Users\djans\Documents\GitHub\Weerstation\Master\ESP_Version_02\Weerstation_01\Debug
arm-none-eabi-gcc -mcpu=cortex-m0 -mthumb -mfloat-abi=soft '-D__weak=__attribute__((weak))' '-D__packed=__attribute__((__packed__))' -DUSE_HAL_DRIVER -DSTM32F030x8 -I"C:/Users/djans/Documents/GitHub/Weerstation/Master/ESP_Version_02/Weerstation_01/Inc" -I"C:/Users/djans/Documents/GitHub/Weerstation/Master/ESP_Version_02/Weerstation_01/Drivers/STM32F0xx_HAL_Driver/Inc" -I"C:/Users/djans/Documents/GitHub/Weerstation/Master/ESP_Version_02/Weerstation_01/Drivers/STM32F0xx_HAL_Driver/Inc/Legacy" -I"C:/Users/djans/Documents/GitHub/Weerstation/Master/ESP_Version_02/Weerstation_01/Middlewares/Third_Party/FreeRTOS/Source/portable/GCC/ARM_CM0" -I"C:/Users/djans/Documents/GitHub/Weerstation/Master/ESP_Version_02/Weerstation_01/Drivers/CMSIS/Device/ST/STM32F0xx/Include" -I"C:/Users/djans/Documents/GitHub/Weerstation/Master/ESP_Version_02/Weerstation_01/Middlewares/Third_Party/FreeRTOS/Source/include" -I"C:/Users/djans/Documents/GitHub/Weerstation/Master/ESP_Version_02/Weerstation_01/Middlewares/Third_Party/FreeRTOS/Source/CMSIS_RTOS" -I"C:/Users/djans/Documents/GitHub/Weerstation/Master/ESP_Version_02/Weerstation_01/Drivers/CMSIS/Include"  -Og -g3 -Wall -fmessage-length=0 -ffunction-sections -c -fmessage-length=0 -MMD -MP -MF"Drivers/STM32F0xx_HAL_Driver/Src/stm32f0xx_hal_gpio.d" -MT"Drivers/STM32F0xx_HAL_Driver/Src/stm32f0xx_hal_gpio.o" -o "Drivers/STM32F0xx_HAL_Driver/Src/stm32f0xx_hal_gpio.o" "../Drivers/STM32F0xx_HAL_Driver/Src/stm32f0xx_hal_gpio.c"
Finished building: ../Drivers/STM32F0xx_HAL_Driver/Src/stm32f0xx_hal_gpio.c
 
Building file: ../Drivers/STM32F0xx_HAL_Driver/Src/stm32f0xx_hal_i2c.c
Invoking: MCU GCC Compiler
C:\Users\djans\Documents\GitHub\Weerstation\Master\ESP_Version_02\Weerstation_01\Debug
arm-none-eabi-gcc -mcpu=cortex-m0 -mthumb -mfloat-abi=soft '-D__weak=__attribute__((weak))' '-D__packed=__attribute__((__packed__))' -DUSE_HAL_DRIVER -DSTM32F030x8 -I"C:/Users/djans/Documents/GitHub/Weerstation/Master/ESP_Version_02/Weerstation_01/Inc" -I"C:/Users/djans/Documents/GitHub/Weerstation/Master/ESP_Version_02/Weerstation_01/Drivers/STM32F0xx_HAL_Driver/Inc" -I"C:/Users/djans/Documents/GitHub/Weerstation/Master/ESP_Version_02/Weerstation_01/Drivers/STM32F0xx_HAL_Driver/Inc/Legacy" -I"C:/Users/djans/Documents/GitHub/Weerstation/Master/ESP_Version_02/Weerstation_01/Middlewares/Third_Party/FreeRTOS/Source/portable/GCC/ARM_CM0" -I"C:/Users/djans/Documents/GitHub/Weerstation/Master/ESP_Version_02/Weerstation_01/Drivers/CMSIS/Device/ST/STM32F0xx/Include" -I"C:/Users/djans/Documents/GitHub/Weerstation/Master/ESP_Version_02/Weerstation_01/Middlewares/Third_Party/FreeRTOS/Source/include" -I"C:/Users/djans/Documents/GitHub/Weerstation/Master/ESP_Version_02/Weerstation_01/Middlewares/Third_Party/FreeRTOS/Source/CMSIS_RTOS" -I"C:/Users/djans/Documents/GitHub/Weerstation/Master/ESP_Version_02/Weerstation_01/Drivers/CMSIS/Include"  -Og -g3 -Wall -fmessage-length=0 -ffunction-sections -c -fmessage-length=0 -MMD -MP -MF"Drivers/STM32F0xx_HAL_Driver/Src/stm32f0xx_hal_i2c.d" -MT"Drivers/STM32F0xx_HAL_Driver/Src/stm32f0xx_hal_i2c.o" -o "Drivers/STM32F0xx_HAL_Driver/Src/stm32f0xx_hal_i2c.o" "../Drivers/STM32F0xx_HAL_Driver/Src/stm32f0xx_hal_i2c.c"
Finished building: ../Drivers/STM32F0xx_HAL_Driver/Src/stm32f0xx_hal_i2c.c
 
Building file: ../Drivers/STM32F0xx_HAL_Driver/Src/stm32f0xx_hal_i2c_ex.c
Invoking: MCU GCC Compiler
C:\Users\djans\Documents\GitHub\Weerstation\Master\ESP_Version_02\Weerstation_01\Debug
arm-none-eabi-gcc -mcpu=cortex-m0 -mthumb -mfloat-abi=soft '-D__weak=__attribute__((weak))' '-D__packed=__attribute__((__packed__))' -DUSE_HAL_DRIVER -DSTM32F030x8 -I"C:/Users/djans/Documents/GitHub/Weerstation/Master/ESP_Version_02/Weerstation_01/Inc" -I"C:/Users/djans/Documents/GitHub/Weerstation/Master/ESP_Version_02/Weerstation_01/Drivers/STM32F0xx_HAL_Driver/Inc" -I"C:/Users/djans/Documents/GitHub/Weerstation/Master/ESP_Version_02/Weerstation_01/Drivers/STM32F0xx_HAL_Driver/Inc/Legacy" -I"C:/Users/djans/Documents/GitHub/Weerstation/Master/ESP_Version_02/Weerstation_01/Middlewares/Third_Party/FreeRTOS/Source/portable/GCC/ARM_CM0" -I"C:/Users/djans/Documents/GitHub/Weerstation/Master/ESP_Version_02/Weerstation_01/Drivers/CMSIS/Device/ST/STM32F0xx/Include" -I"C:/Users/djans/Documents/GitHub/Weerstation/Master/ESP_Version_02/Weerstation_01/Middlewares/Third_Party/FreeRTOS/Source/include" -I"C:/Users/djans/Documents/GitHub/Weerstation/Master/ESP_Version_02/Weerstation_01/Middlewares/Third_Party/FreeRTOS/Source/CMSIS_RTOS" -I"C:/Users/djans/Documents/GitHub/Weerstation/Master/ESP_Version_02/Weerstation_01/Drivers/CMSIS/Include"  -Og -g3 -Wall -fmessage-length=0 -ffunction-sections -c -fmessage-length=0 -MMD -MP -MF"Drivers/STM32F0xx_HAL_Driver/Src/stm32f0xx_hal_i2c_ex.d" -MT"Drivers/STM32F0xx_HAL_Driver/Src/stm32f0xx_hal_i2c_ex.o" -o "Drivers/STM32F0xx_HAL_Driver/Src/stm32f0xx_hal_i2c_ex.o" "../Drivers/STM32F0xx_HAL_Driver/Src/stm32f0xx_hal_i2c_ex.c"
Finished building: ../Drivers/STM32F0xx_HAL_Driver/Src/stm32f0xx_hal_i2c_ex.c
 
Building file: ../Drivers/STM32F0xx_HAL_Driver/Src/stm32f0xx_hal_pwr.c
Invoking: MCU GCC Compiler
C:\Users\djans\Documents\GitHub\Weerstation\Master\ESP_Version_02\Weerstation_01\Debug
arm-none-eabi-gcc -mcpu=cortex-m0 -mthumb -mfloat-abi=soft '-D__weak=__attribute__((weak))' '-D__packed=__attribute__((__packed__))' -DUSE_HAL_DRIVER -DSTM32F030x8 -I"C:/Users/djans/Documents/GitHub/Weerstation/Master/ESP_Version_02/Weerstation_01/Inc" -I"C:/Users/djans/Documents/GitHub/Weerstation/Master/ESP_Version_02/Weerstation_01/Drivers/STM32F0xx_HAL_Driver/Inc" -I"C:/Users/djans/Documents/GitHub/Weerstation/Master/ESP_Version_02/Weerstation_01/Drivers/STM32F0xx_HAL_Driver/Inc/Legacy" -I"C:/Users/djans/Documents/GitHub/Weerstation/Master/ESP_Version_02/Weerstation_01/Middlewares/Third_Party/FreeRTOS/Source/portable/GCC/ARM_CM0" -I"C:/Users/djans/Documents/GitHub/Weerstation/Master/ESP_Version_02/Weerstation_01/Drivers/CMSIS/Device/ST/STM32F0xx/Include" -I"C:/Users/djans/Documents/GitHub/Weerstation/Master/ESP_Version_02/Weerstation_01/Middlewares/Third_Party/FreeRTOS/Source/include" -I"C:/Users/djans/Documents/GitHub/Weerstation/Master/ESP_Version_02/Weerstation_01/Middlewares/Third_Party/FreeRTOS/Source/CMSIS_RTOS" -I"C:/Users/djans/Documents/GitHub/Weerstation/Master/ESP_Version_02/Weerstation_01/Drivers/CMSIS/Include"  -Og -g3 -Wall -fmessage-length=0 -ffunction-sections -c -fmessage-length=0 -MMD -MP -MF"Drivers/STM32F0xx_HAL_Driver/Src/stm32f0xx_hal_pwr.d" -MT"Drivers/STM32F0xx_HAL_Driver/Src/stm32f0xx_hal_pwr.o" -o "Drivers/STM32F0xx_HAL_Driver/Src/stm32f0xx_hal_pwr.o" "../Drivers/STM32F0xx_HAL_Driver/Src/stm32f0xx_hal_pwr.c"
Finished building: ../Drivers/STM32F0xx_HAL_Driver/Src/stm32f0xx_hal_pwr.c
 
Building file: ../Drivers/STM32F0xx_HAL_Driver/Src/stm32f0xx_hal_pwr_ex.c
Invoking: MCU GCC Compiler
C:\Users\djans\Documents\GitHub\Weerstation\Master\ESP_Version_02\Weerstation_01\Debug
arm-none-eabi-gcc -mcpu=cortex-m0 -mthumb -mfloat-abi=soft '-D__weak=__attribute__((weak))' '-D__packed=__attribute__((__packed__))' -DUSE_HAL_DRIVER -DSTM32F030x8 -I"C:/Users/djans/Documents/GitHub/Weerstation/Master/ESP_Version_02/Weerstation_01/Inc" -I"C:/Users/djans/Documents/GitHub/Weerstation/Master/ESP_Version_02/Weerstation_01/Drivers/STM32F0xx_HAL_Driver/Inc" -I"C:/Users/djans/Documents/GitHub/Weerstation/Master/ESP_Version_02/Weerstation_01/Drivers/STM32F0xx_HAL_Driver/Inc/Legacy" -I"C:/Users/djans/Documents/GitHub/Weerstation/Master/ESP_Version_02/Weerstation_01/Middlewares/Third_Party/FreeRTOS/Source/portable/GCC/ARM_CM0" -I"C:/Users/djans/Documents/GitHub/Weerstation/Master/ESP_Version_02/Weerstation_01/Drivers/CMSIS/Device/ST/STM32F0xx/Include" -I"C:/Users/djans/Documents/GitHub/Weerstation/Master/ESP_Version_02/Weerstation_01/Middlewares/Third_Party/FreeRTOS/Source/include" -I"C:/Users/djans/Documents/GitHub/Weerstation/Master/ESP_Version_02/Weerstation_01/Middlewares/Third_Party/FreeRTOS/Source/CMSIS_RTOS" -I"C:/Users/djans/Documents/GitHub/Weerstation/Master/ESP_Version_02/Weerstation_01/Drivers/CMSIS/Include"  -Og -g3 -Wall -fmessage-length=0 -ffunction-sections -c -fmessage-length=0 -MMD -MP -MF"Drivers/STM32F0xx_HAL_Driver/Src/stm32f0xx_hal_pwr_ex.d" -MT"Drivers/STM32F0xx_HAL_Driver/Src/stm32f0xx_hal_pwr_ex.o" -o "Drivers/STM32F0xx_HAL_Driver/Src/stm32f0xx_hal_pwr_ex.o" "../Drivers/STM32F0xx_HAL_Driver/Src/stm32f0xx_hal_pwr_ex.c"
Finished building: ../Drivers/STM32F0xx_HAL_Driver/Src/stm32f0xx_hal_pwr_ex.c
 
Building file: ../Drivers/STM32F0xx_HAL_Driver/Src/stm32f0xx_hal_rcc.c
Invoking: MCU GCC Compiler
C:\Users\djans\Documents\GitHub\Weerstation\Master\ESP_Version_02\Weerstation_01\Debug
arm-none-eabi-gcc -mcpu=cortex-m0 -mthumb -mfloat-abi=soft '-D__weak=__attribute__((weak))' '-D__packed=__attribute__((__packed__))' -DUSE_HAL_DRIVER -DSTM32F030x8 -I"C:/Users/djans/Documents/GitHub/Weerstation/Master/ESP_Version_02/Weerstation_01/Inc" -I"C:/Users/djans/Documents/GitHub/Weerstation/Master/ESP_Version_02/Weerstation_01/Drivers/STM32F0xx_HAL_Driver/Inc" -I"C:/Users/djans/Documents/GitHub/Weerstation/Master/ESP_Version_02/Weerstation_01/Drivers/STM32F0xx_HAL_Driver/Inc/Legacy" -I"C:/Users/djans/Documents/GitHub/Weerstation/Master/ESP_Version_02/Weerstation_01/Middlewares/Third_Party/FreeRTOS/Source/portable/GCC/ARM_CM0" -I"C:/Users/djans/Documents/GitHub/Weerstation/Master/ESP_Version_02/Weerstation_01/Drivers/CMSIS/Device/ST/STM32F0xx/Include" -I"C:/Users/djans/Documents/GitHub/Weerstation/Master/ESP_Version_02/Weerstation_01/Middlewares/Third_Party/FreeRTOS/Source/include" -I"C:/Users/djans/Documents/GitHub/Weerstation/Master/ESP_Version_02/Weerstation_01/Middlewares/Third_Party/FreeRTOS/Source/CMSIS_RTOS" -I"C:/Users/djans/Documents/GitHub/Weerstation/Master/ESP_Version_02/Weerstation_01/Drivers/CMSIS/Include"  -Og -g3 -Wall -fmessage-length=0 -ffunction-sections -c -fmessage-length=0 -MMD -MP -MF"Drivers/STM32F0xx_HAL_Driver/Src/stm32f0xx_hal_rcc.d" -MT"Drivers/STM32F0xx_HAL_Driver/Src/stm32f0xx_hal_rcc.o" -o "Drivers/STM32F0xx_HAL_Driver/Src/stm32f0xx_hal_rcc.o" "../Drivers/STM32F0xx_HAL_Driver/Src/stm32f0xx_hal_rcc.c"
Finished building: ../Drivers/STM32F0xx_HAL_Driver/Src/stm32f0xx_hal_rcc.c
 
Building file: ../Drivers/STM32F0xx_HAL_Driver/Src/stm32f0xx_hal_rcc_ex.c
Invoking: MCU GCC Compiler
C:\Users\djans\Documents\GitHub\Weerstation\Master\ESP_Version_02\Weerstation_01\Debug
arm-none-eabi-gcc -mcpu=cortex-m0 -mthumb -mfloat-abi=soft '-D__weak=__attribute__((weak))' '-D__packed=__attribute__((__packed__))' -DUSE_HAL_DRIVER -DSTM32F030x8 -I"C:/Users/djans/Documents/GitHub/Weerstation/Master/ESP_Version_02/Weerstation_01/Inc" -I"C:/Users/djans/Documents/GitHub/Weerstation/Master/ESP_Version_02/Weerstation_01/Drivers/STM32F0xx_HAL_Driver/Inc" -I"C:/Users/djans/Documents/GitHub/Weerstation/Master/ESP_Version_02/Weerstation_01/Drivers/STM32F0xx_HAL_Driver/Inc/Legacy" -I"C:/Users/djans/Documents/GitHub/Weerstation/Master/ESP_Version_02/Weerstation_01/Middlewares/Third_Party/FreeRTOS/Source/portable/GCC/ARM_CM0" -I"C:/Users/djans/Documents/GitHub/Weerstation/Master/ESP_Version_02/Weerstation_01/Drivers/CMSIS/Device/ST/STM32F0xx/Include" -I"C:/Users/djans/Documents/GitHub/Weerstation/Master/ESP_Version_02/Weerstation_01/Middlewares/Third_Party/FreeRTOS/Source/include" -I"C:/Users/djans/Documents/GitHub/Weerstation/Master/ESP_Version_02/Weerstation_01/Middlewares/Third_Party/FreeRTOS/Source/CMSIS_RTOS" -I"C:/Users/djans/Documents/GitHub/Weerstation/Master/ESP_Version_02/Weerstation_01/Drivers/CMSIS/Include"  -Og -g3 -Wall -fmessage-length=0 -ffunction-sections -c -fmessage-length=0 -MMD -MP -MF"Drivers/STM32F0xx_HAL_Driver/Src/stm32f0xx_hal_rcc_ex.d" -MT"Drivers/STM32F0xx_HAL_Driver/Src/stm32f0xx_hal_rcc_ex.o" -o "Drivers/STM32F0xx_HAL_Driver/Src/stm32f0xx_hal_rcc_ex.o" "../Drivers/STM32F0xx_HAL_Driver/Src/stm32f0xx_hal_rcc_ex.c"
Finished building: ../Drivers/STM32F0xx_HAL_Driver/Src/stm32f0xx_hal_rcc_ex.c
 
Building file: ../Drivers/STM32F0xx_HAL_Driver/Src/stm32f0xx_hal_tim.c
Invoking: MCU GCC Compiler
C:\Users\djans\Documents\GitHub\Weerstation\Master\ESP_Version_02\Weerstation_01\Debug
arm-none-eabi-gcc -mcpu=cortex-m0 -mthumb -mfloat-abi=soft '-D__weak=__attribute__((weak))' '-D__packed=__attribute__((__packed__))' -DUSE_HAL_DRIVER -DSTM32F030x8 -I"C:/Users/djans/Documents/GitHub/Weerstation/Master/ESP_Version_02/Weerstation_01/Inc" -I"C:/Users/djans/Documents/GitHub/Weerstation/Master/ESP_Version_02/Weerstation_01/Drivers/STM32F0xx_HAL_Driver/Inc" -I"C:/Users/djans/Documents/GitHub/Weerstation/Master/ESP_Version_02/Weerstation_01/Drivers/STM32F0xx_HAL_Driver/Inc/Legacy" -I"C:/Users/djans/Documents/GitHub/Weerstation/Master/ESP_Version_02/Weerstation_01/Middlewares/Third_Party/FreeRTOS/Source/portable/GCC/ARM_CM0" -I"C:/Users/djans/Documents/GitHub/Weerstation/Master/ESP_Version_02/Weerstation_01/Drivers/CMSIS/Device/ST/STM32F0xx/Include" -I"C:/Users/djans/Documents/GitHub/Weerstation/Master/ESP_Version_02/Weerstation_01/Middlewares/Third_Party/FreeRTOS/Source/include" -I"C:/Users/djans/Documents/GitHub/Weerstation/Master/ESP_Version_02/Weerstation_01/Middlewares/Third_Party/FreeRTOS/Source/CMSIS_RTOS" -I"C:/Users/djans/Documents/GitHub/Weerstation/Master/ESP_Version_02/Weerstation_01/Drivers/CMSIS/Include"  -Og -g3 -Wall -fmessage-length=0 -ffunction-sections -c -fmessage-length=0 -MMD -MP -MF"Drivers/STM32F0xx_HAL_Driver/Src/stm32f0xx_hal_tim.d" -MT"Drivers/STM32F0xx_HAL_Driver/Src/stm32f0xx_hal_tim.o" -o "Drivers/STM32F0xx_HAL_Driver/Src/stm32f0xx_hal_tim.o" "../Drivers/STM32F0xx_HAL_Driver/Src/stm32f0xx_hal_tim.c"
Finished building: ../Drivers/STM32F0xx_HAL_Driver/Src/stm32f0xx_hal_tim.c
 
Building file: ../Drivers/STM32F0xx_HAL_Driver/Src/stm32f0xx_hal_tim_ex.c
Invoking: MCU GCC Compiler
C:\Users\djans\Documents\GitHub\Weerstation\Master\ESP_Version_02\Weerstation_01\Debug
arm-none-eabi-gcc -mcpu=cortex-m0 -mthumb -mfloat-abi=soft '-D__weak=__attribute__((weak))' '-D__packed=__attribute__((__packed__))' -DUSE_HAL_DRIVER -DSTM32F030x8 -I"C:/Users/djans/Documents/GitHub/Weerstation/Master/ESP_Version_02/Weerstation_01/Inc" -I"C:/Users/djans/Documents/GitHub/Weerstation/Master/ESP_Version_02/Weerstation_01/Drivers/STM32F0xx_HAL_Driver/Inc" -I"C:/Users/djans/Documents/GitHub/Weerstation/Master/ESP_Version_02/Weerstation_01/Drivers/STM32F0xx_HAL_Driver/Inc/Legacy" -I"C:/Users/djans/Documents/GitHub/Weerstation/Master/ESP_Version_02/Weerstation_01/Middlewares/Third_Party/FreeRTOS/Source/portable/GCC/ARM_CM0" -I"C:/Users/djans/Documents/GitHub/Weerstation/Master/ESP_Version_02/Weerstation_01/Drivers/CMSIS/Device/ST/STM32F0xx/Include" -I"C:/Users/djans/Documents/GitHub/Weerstation/Master/ESP_Version_02/Weerstation_01/Middlewares/Third_Party/FreeRTOS/Source/include" -I"C:/Users/djans/Documents/GitHub/Weerstation/Master/ESP_Version_02/Weerstation_01/Middlewares/Third_Party/FreeRTOS/Source/CMSIS_RTOS" -I"C:/Users/djans/Documents/GitHub/Weerstation/Master/ESP_Version_02/Weerstation_01/Drivers/CMSIS/Include"  -Og -g3 -Wall -fmessage-length=0 -ffunction-sections -c -fmessage-length=0 -MMD -MP -MF"Drivers/STM32F0xx_HAL_Driver/Src/stm32f0xx_hal_tim_ex.d" -MT"Drivers/STM32F0xx_HAL_Driver/Src/stm32f0xx_hal_tim_ex.o" -o "Drivers/STM32F0xx_HAL_Driver/Src/stm32f0xx_hal_tim_ex.o" "../Drivers/STM32F0xx_HAL_Driver/Src/stm32f0xx_hal_tim_ex.c"
Finished building: ../Drivers/STM32F0xx_HAL_Driver/Src/stm32f0xx_hal_tim_ex.c
 
Building file: ../Drivers/STM32F0xx_HAL_Driver/Src/stm32f0xx_hal_uart.c
Invoking: MCU GCC Compiler
C:\Users\djans\Documents\GitHub\Weerstation\Master\ESP_Version_02\Weerstation_01\Debug
arm-none-eabi-gcc -mcpu=cortex-m0 -mthumb -mfloat-abi=soft '-D__weak=__attribute__((weak))' '-D__packed=__attribute__((__packed__))' -DUSE_HAL_DRIVER -DSTM32F030x8 -I"C:/Users/djans/Documents/GitHub/Weerstation/Master/ESP_Version_02/Weerstation_01/Inc" -I"C:/Users/djans/Documents/GitHub/Weerstation/Master/ESP_Version_02/Weerstation_01/Drivers/STM32F0xx_HAL_Driver/Inc" -I"C:/Users/djans/Documents/GitHub/Weerstation/Master/ESP_Version_02/Weerstation_01/Drivers/STM32F0xx_HAL_Driver/Inc/Legacy" -I"C:/Users/djans/Documents/GitHub/Weerstation/Master/ESP_Version_02/Weerstation_01/Middlewares/Third_Party/FreeRTOS/Source/portable/GCC/ARM_CM0" -I"C:/Users/djans/Documents/GitHub/Weerstation/Master/ESP_Version_02/Weerstation_01/Drivers/CMSIS/Device/ST/STM32F0xx/Include" -I"C:/Users/djans/Documents/GitHub/Weerstation/Master/ESP_Version_02/Weerstation_01/Middlewares/Third_Party/FreeRTOS/Source/include" -I"C:/Users/djans/Documents/GitHub/Weerstation/Master/ESP_Version_02/Weerstation_01/Middlewares/Third_Party/FreeRTOS/Source/CMSIS_RTOS" -I"C:/Users/djans/Documents/GitHub/Weerstation/Master/ESP_Version_02/Weerstation_01/Drivers/CMSIS/Include"  -Og -g3 -Wall -fmessage-length=0 -ffunction-sections -c -fmessage-length=0 -MMD -MP -MF"Drivers/STM32F0xx_HAL_Driver/Src/stm32f0xx_hal_uart.d" -MT"Drivers/STM32F0xx_HAL_Driver/Src/stm32f0xx_hal_uart.o" -o "Drivers/STM32F0xx_HAL_Driver/Src/stm32f0xx_hal_uart.o" "../Drivers/STM32F0xx_HAL_Driver/Src/stm32f0xx_hal_uart.c"
Finished building: ../Drivers/STM32F0xx_HAL_Driver/Src/stm32f0xx_hal_uart.c
 
Building file: ../Drivers/STM32F0xx_HAL_Driver/Src/stm32f0xx_hal_uart_ex.c
Invoking: MCU GCC Compiler
C:\Users\djans\Documents\GitHub\Weerstation\Master\ESP_Version_02\Weerstation_01\Debug
arm-none-eabi-gcc -mcpu=cortex-m0 -mthumb -mfloat-abi=soft '-D__weak=__attribute__((weak))' '-D__packed=__attribute__((__packed__))' -DUSE_HAL_DRIVER -DSTM32F030x8 -I"C:/Users/djans/Documents/GitHub/Weerstation/Master/ESP_Version_02/Weerstation_01/Inc" -I"C:/Users/djans/Documents/GitHub/Weerstation/Master/ESP_Version_02/Weerstation_01/Drivers/STM32F0xx_HAL_Driver/Inc" -I"C:/Users/djans/Documents/GitHub/Weerstation/Master/ESP_Version_02/Weerstation_01/Drivers/STM32F0xx_HAL_Driver/Inc/Legacy" -I"C:/Users/djans/Documents/GitHub/Weerstation/Master/ESP_Version_02/Weerstation_01/Middlewares/Third_Party/FreeRTOS/Source/portable/GCC/ARM_CM0" -I"C:/Users/djans/Documents/GitHub/Weerstation/Master/ESP_Version_02/Weerstation_01/Drivers/CMSIS/Device/ST/STM32F0xx/Include" -I"C:/Users/djans/Documents/GitHub/Weerstation/Master/ESP_Version_02/Weerstation_01/Middlewares/Third_Party/FreeRTOS/Source/include" -I"C:/Users/djans/Documents/GitHub/Weerstation/Master/ESP_Version_02/Weerstation_01/Middlewares/Third_Party/FreeRTOS/Source/CMSIS_RTOS" -I"C:/Users/djans/Documents/GitHub/Weerstation/Master/ESP_Version_02/Weerstation_01/Drivers/CMSIS/Include"  -Og -g3 -Wall -fmessage-length=0 -ffunction-sections -c -fmessage-length=0 -MMD -MP -MF"Drivers/STM32F0xx_HAL_Driver/Src/stm32f0xx_hal_uart_ex.d" -MT"Drivers/STM32F0xx_HAL_Driver/Src/stm32f0xx_hal_uart_ex.o" -o "Drivers/STM32F0xx_HAL_Driver/Src/stm32f0xx_hal_uart_ex.o" "../Drivers/STM32F0xx_HAL_Driver/Src/stm32f0xx_hal_uart_ex.c"
Finished building: ../Drivers/STM32F0xx_HAL_Driver/Src/stm32f0xx_hal_uart_ex.c
 
Building target: Weerstation_01.elf
Invoking: MCU GCC Linker
arm-none-eabi-gcc -mcpu=cortex-m0 -mthumb -mfloat-abi=soft -specs=nosys.specs -specs=nano.specs -u _printf_float -T"../STM32F030R8Tx_FLASH.ld" -Wl,-Map=output.map -Wl,--gc-sections -o "Weerstation_01.elf" @"objects.list"   -lm
Finished building target: Weerstation_01.elf
 
make --no-print-directory post-build
Generating hex and Printing size information:
arm-none-eabi-objcopy -O ihex "Weerstation_01.elf" "Weerstation_01.hex"
arm-none-eabi-size "Weerstation_01.elf"
   text	   data	    bss	    dec	    hex	filename
  28132	    480	   5304	  33916	   847c	Weerstation_01.elf
 
08:56:07 **** Incremental Build of configuration Debug for project Weerstation_01 ****
make all 
make: Nothing to be done for 'all'.
08:56:57 **** Incremental Build of configuration Debug for project Weerstation_01 ****
make all 
Building file: ../Src/esp.c
Invoking: MCU GCC Compiler
C:\Users\djans\Documents\GitHub\Weerstation\Master\ESP_Version_02\Weerstation_01\Debug
arm-none-eabi-gcc -mcpu=cortex-m0 -mthumb -mfloat-abi=soft '-D__weak=__attribute__((weak))' '-D__packed=__attribute__((__packed__))' -DUSE_HAL_DRIVER -DSTM32F030x8 -I"C:/Users/djans/Documents/GitHub/Weerstation/Master/ESP_Version_02/Weerstation_01/Inc" -I"C:/Users/djans/Documents/GitHub/Weerstation/Master/ESP_Version_02/Weerstation_01/Drivers/STM32F0xx_HAL_Driver/Inc" -I"C:/Users/djans/Documents/GitHub/Weerstation/Master/ESP_Version_02/Weerstation_01/Drivers/STM32F0xx_HAL_Driver/Inc/Legacy" -I"C:/Users/djans/Documents/GitHub/Weerstation/Master/ESP_Version_02/Weerstation_01/Middlewares/Third_Party/FreeRTOS/Source/portable/GCC/ARM_CM0" -I"C:/Users/djans/Documents/GitHub/Weerstation/Master/ESP_Version_02/Weerstation_01/Drivers/CMSIS/Device/ST/STM32F0xx/Include" -I"C:/Users/djans/Documents/GitHub/Weerstation/Master/ESP_Version_02/Weerstation_01/Middlewares/Third_Party/FreeRTOS/Source/include" -I"C:/Users/djans/Documents/GitHub/Weerstation/Master/ESP_Version_02/Weerstation_01/Middlewares/Third_Party/FreeRTOS/Source/CMSIS_RTOS" -I"C:/Users/djans/Documents/GitHub/Weerstation/Master/ESP_Version_02/Weerstation_01/Drivers/CMSIS/Include"  -Og -g3 -Wall -fmessage-length=0 -ffunction-sections -c -fmessage-length=0 -MMD -MP -MF"Src/esp.d" -MT"Src/esp.o" -o "Src/esp.o" "../Src/esp.c"
../Src/esp.c: In function 'UART_Send_Command':
../Src/esp.c:35:26: warning: pointer targets in passing argument 2 of 'HAL_UART_Transmit' differ in signedness [-Wpointer-sign]
  HAL_UART_Transmit( bus, command, strlen(command), timeout );
                          ^~~~~~~
In file included from C:/Users/djans/Documents/GitHub/Weerstation/Master/ESP_Version_02/Weerstation_01/Inc/stm32f0xx_hal_conf.h:290:0,
                 from C:/Users/djans/Documents/GitHub/Weerstation/Master/ESP_Version_02/Weerstation_01/Drivers/STM32F0xx_HAL_Driver/Inc/stm32f0xx_hal.h:46,
                 from C:/Users/djans/Documents/GitHub/Weerstation/Master/ESP_Version_02/Weerstation_01/Inc/esp.h:11,
                 from ../Src/esp.c:10:
C:/Users/djans/Documents/GitHub/Weerstation/Master/ESP_Version_02/Weerstation_01/Drivers/STM32F0xx_HAL_Driver/Inc/stm32f0xx_hal_uart.h:1298:19: note: expected 'uint8_t * {aka unsigned char *}' but argument is of type 'char *'
 HAL_StatusTypeDef HAL_UART_Transmit(UART_HandleTypeDef *huart, uint8_t *pData, uint16_t Size, uint32_t Timeout);
                   ^~~~~~~~~~~~~~~~~
../Src/esp.c: In function 'UART_Read_String':
../Src/esp.c:50:38: warning: pointer targets in passing argument 2 of 'HAL_UART_Receive' differ in signedness [-Wpointer-sign]
   checkBuff = HAL_UART_Receive( bus, buff, 100, timeout );
                                      ^~~~
In file included from C:/Users/djans/Documents/GitHub/Weerstation/Master/ESP_Version_02/Weerstation_01/Inc/stm32f0xx_hal_conf.h:290:0,
                 from C:/Users/djans/Documents/GitHub/Weerstation/Master/ESP_Version_02/Weerstation_01/Drivers/STM32F0xx_HAL_Driver/Inc/stm32f0xx_hal.h:46,
                 from C:/Users/djans/Documents/GitHub/Weerstation/Master/ESP_Version_02/Weerstation_01/Inc/esp.h:11,
                 from ../Src/esp.c:10:
C:/Users/djans/Documents/GitHub/Weerstation/Master/ESP_Version_02/Weerstation_01/Drivers/STM32F0xx_HAL_Driver/Inc/stm32f0xx_hal_uart.h:1299:19: note: expected 'uint8_t * {aka unsigned char *}' but argument is of type 'char *'
 HAL_StatusTypeDef HAL_UART_Receive(UART_HandleTypeDef *huart, uint8_t *pData, uint16_t Size, uint32_t Timeout);
                   ^~~~~~~~~~~~~~~~
../Src/esp.c: In function 'uploadValues':
../Src/esp.c:76:2: warning: implicit declaration of function 'gcvt' [-Wimplicit-function-declaration]
  gcvt( temp, 4, strTem);
  ^~~~
Finished building: ../Src/esp.c
 
Building target: Weerstation_01.elf
Invoking: MCU GCC Linker
arm-none-eabi-gcc -mcpu=cortex-m0 -mthumb -mfloat-abi=soft -specs=nosys.specs -specs=nano.specs -u _printf_float -T"../STM32F030R8Tx_FLASH.ld" -Wl,-Map=output.map -Wl,--gc-sections -o "Weerstation_01.elf" @"objects.list"   -lm
Finished building target: Weerstation_01.elf
 
make --no-print-directory post-build
Generating hex and Printing size information:
arm-none-eabi-objcopy -O ihex "Weerstation_01.elf" "Weerstation_01.hex"
arm-none-eabi-size "Weerstation_01.elf"
   text	   data	    bss	    dec	    hex	filename
  28132	    480	   5304	  33916	   847c	Weerstation_01.elf
 
08:57:42 **** Incremental Build of configuration Debug for project Weerstation_01 ****
make all 
make: Nothing to be done for 'all'.
08:58:14 **** Incremental Build of configuration Debug for project Weerstation_01 ****
make all 
make: Nothing to be done for 'all'.
08:59:08 **** Incremental Build of configuration Debug for project Weerstation_01 ****
make all 
make: Nothing to be done for 'all'.
08:59:42 **** Incremental Build of configuration Debug for project Weerstation_01 ****
make all 
make: Nothing to be done for 'all'.
09:01:58 **** Incremental Build of configuration Debug for project Weerstation_01 ****
make all 
make: Nothing to be done for 'all'.
09:05:21 **** Incremental Build of configuration Debug for project Weerstation_01 ****
make all 
make: Nothing to be done for 'all'.
09:05:45 **** Incremental Build of configuration Debug for project Weerstation_01 ****
make all 
make: Nothing to be done for 'all'.
09:06:15 **** Incremental Build of configuration Debug for project Weerstation_01 ****
make all 
make: Nothing to be done for 'all'.
09:07:03 **** Incremental Build of configuration Debug for project Weerstation_01 ****
make all 
make: Nothing to be done for 'all'.
09:08:24 **** Incremental Build of configuration Debug for project Weerstation_01 ****
make all 
make: Nothing to be done for 'all'.
09:09:18 **** Incremental Build of configuration Debug for project Weerstation_01 ****
make all 
make: Nothing to be done for 'all'.
09:13:05 **** Incremental Build of configuration Debug for project Weerstation_01 ****
make all 
make: Nothing to be done for 'all'.
09:13:48 **** Incremental Build of configuration Debug for project Weerstation_01 ****
make all 
make: Nothing to be done for 'all'.
09:14:16 **** Incremental Build of configuration Debug for project Weerstation_01 ****
make all 
make: Nothing to be done for 'all'.
09:17:49 **** Incremental Build of configuration Debug for project Weerstation_01 ****
make all 
make: Nothing to be done for 'all'.
09:26:47 **** Incremental Build of configuration Debug for project Weerstation_01 ****
make all 
Building file: ../Src/esp.c
Invoking: MCU GCC Compiler
C:\Users\djans\Documents\GitHub\Weerstation\Master\ESP_Version_02\Weerstation_01\Debug
arm-none-eabi-gcc -mcpu=cortex-m0 -mthumb -mfloat-abi=soft '-D__weak=__attribute__((weak))' '-D__packed=__attribute__((__packed__))' -DUSE_HAL_DRIVER -DSTM32F030x8 -I"C:/Users/djans/Documents/GitHub/Weerstation/Master/ESP_Version_02/Weerstation_01/Inc" -I"C:/Users/djans/Documents/GitHub/Weerstation/Master/ESP_Version_02/Weerstation_01/Drivers/STM32F0xx_HAL_Driver/Inc" -I"C:/Users/djans/Documents/GitHub/Weerstation/Master/ESP_Version_02/Weerstation_01/Drivers/STM32F0xx_HAL_Driver/Inc/Legacy" -I"C:/Users/djans/Documents/GitHub/Weerstation/Master/ESP_Version_02/Weerstation_01/Middlewares/Third_Party/FreeRTOS/Source/portable/GCC/ARM_CM0" -I"C:/Users/djans/Documents/GitHub/Weerstation/Master/ESP_Version_02/Weerstation_01/Drivers/CMSIS/Device/ST/STM32F0xx/Include" -I"C:/Users/djans/Documents/GitHub/Weerstation/Master/ESP_Version_02/Weerstation_01/Middlewares/Third_Party/FreeRTOS/Source/include" -I"C:/Users/djans/Documents/GitHub/Weerstation/Master/ESP_Version_02/Weerstation_01/Middlewares/Third_Party/FreeRTOS/Source/CMSIS_RTOS" -I"C:/Users/djans/Documents/GitHub/Weerstation/Master/ESP_Version_02/Weerstation_01/Drivers/CMSIS/Include"  -Og -g3 -Wall -fmessage-length=0 -ffunction-sections -c -fmessage-length=0 -MMD -MP -MF"Src/esp.d" -MT"Src/esp.o" -o "Src/esp.o" "../Src/esp.c"
../Src/esp.c: In function 'UART_Send_Command':
../Src/esp.c:35:26: warning: pointer targets in passing argument 2 of 'HAL_UART_Transmit' differ in signedness [-Wpointer-sign]
  HAL_UART_Transmit( bus, command, strlen(command), timeout );
                          ^~~~~~~
In file included from C:/Users/djans/Documents/GitHub/Weerstation/Master/ESP_Version_02/Weerstation_01/Inc/stm32f0xx_hal_conf.h:290:0,
                 from C:/Users/djans/Documents/GitHub/Weerstation/Master/ESP_Version_02/Weerstation_01/Drivers/STM32F0xx_HAL_Driver/Inc/stm32f0xx_hal.h:46,
                 from C:/Users/djans/Documents/GitHub/Weerstation/Master/ESP_Version_02/Weerstation_01/Inc/esp.h:11,
                 from ../Src/esp.c:10:
C:/Users/djans/Documents/GitHub/Weerstation/Master/ESP_Version_02/Weerstation_01/Drivers/STM32F0xx_HAL_Driver/Inc/stm32f0xx_hal_uart.h:1298:19: note: expected 'uint8_t * {aka unsigned char *}' but argument is of type 'char *'
 HAL_StatusTypeDef HAL_UART_Transmit(UART_HandleTypeDef *huart, uint8_t *pData, uint16_t Size, uint32_t Timeout);
                   ^~~~~~~~~~~~~~~~~
../Src/esp.c: In function 'UART_Read_String':
../Src/esp.c:50:38: warning: pointer targets in passing argument 2 of 'HAL_UART_Receive' differ in signedness [-Wpointer-sign]
   checkBuff = HAL_UART_Receive( bus, buff, 100, timeout );
                                      ^~~~
In file included from C:/Users/djans/Documents/GitHub/Weerstation/Master/ESP_Version_02/Weerstation_01/Inc/stm32f0xx_hal_conf.h:290:0,
                 from C:/Users/djans/Documents/GitHub/Weerstation/Master/ESP_Version_02/Weerstation_01/Drivers/STM32F0xx_HAL_Driver/Inc/stm32f0xx_hal.h:46,
                 from C:/Users/djans/Documents/GitHub/Weerstation/Master/ESP_Version_02/Weerstation_01/Inc/esp.h:11,
                 from ../Src/esp.c:10:
C:/Users/djans/Documents/GitHub/Weerstation/Master/ESP_Version_02/Weerstation_01/Drivers/STM32F0xx_HAL_Driver/Inc/stm32f0xx_hal_uart.h:1299:19: note: expected 'uint8_t * {aka unsigned char *}' but argument is of type 'char *'
 HAL_StatusTypeDef HAL_UART_Receive(UART_HandleTypeDef *huart, uint8_t *pData, uint16_t Size, uint32_t Timeout);
                   ^~~~~~~~~~~~~~~~
../Src/esp.c: In function 'uploadValues':
../Src/esp.c:76:2: warning: implicit declaration of function 'gcvt' [-Wimplicit-function-declaration]
  gcvt( temp, 4, strTem);
  ^~~~
Finished building: ../Src/esp.c
 
Building target: Weerstation_01.elf
Invoking: MCU GCC Linker
arm-none-eabi-gcc -mcpu=cortex-m0 -mthumb -mfloat-abi=soft -specs=nosys.specs -specs=nano.specs -u _printf_float -T"../STM32F030R8Tx_FLASH.ld" -Wl,-Map=output.map -Wl,--gc-sections -o "Weerstation_01.elf" @"objects.list"   -lm
Finished building target: Weerstation_01.elf
 
make --no-print-directory post-build
Generating hex and Printing size information:
arm-none-eabi-objcopy -O ihex "Weerstation_01.elf" "Weerstation_01.hex"
arm-none-eabi-size "Weerstation_01.elf"
   text	   data	    bss	    dec	    hex	filename
  28132	    480	   5304	  33916	   847c	Weerstation_01.elf
 
