12:20:30 **** Incremental Build of configuration Debug for project Weerstation_01 ****
make all 
Building file: ../Src/esp.c
Invoking: MCU GCC Compiler
C:\Users\djans\Documents\GitHub\Weerstation\Master\ESP_attempt_01\Weerstation_01\Debug
arm-none-eabi-gcc -mcpu=cortex-m0 -mthumb -mfloat-abi=soft '-D__weak=__attribute__((weak))' '-D__packed=__attribute__((__packed__))' -DUSE_HAL_DRIVER -DSTM32F030x8 -I"C:/Users/djans/Documents/GitHub/Weerstation/Master/ESP_attempt_01/Weerstation_01/Inc" -I"C:/Users/djans/Documents/GitHub/Weerstation/Master/ESP_attempt_01/Weerstation_01/Drivers/STM32F0xx_HAL_Driver/Inc" -I"C:/Users/djans/Documents/GitHub/Weerstation/Master/ESP_attempt_01/Weerstation_01/Drivers/STM32F0xx_HAL_Driver/Inc/Legacy" -I"C:/Users/djans/Documents/GitHub/Weerstation/Master/ESP_attempt_01/Weerstation_01/Middlewares/Third_Party/FreeRTOS/Source/portable/GCC/ARM_CM0" -I"C:/Users/djans/Documents/GitHub/Weerstation/Master/ESP_attempt_01/Weerstation_01/Drivers/CMSIS/Device/ST/STM32F0xx/Include" -I"C:/Users/djans/Documents/GitHub/Weerstation/Master/ESP_attempt_01/Weerstation_01/Middlewares/Third_Party/FreeRTOS/Source/include" -I"C:/Users/djans/Documents/GitHub/Weerstation/Master/ESP_attempt_01/Weerstation_01/Middlewares/Third_Party/FreeRTOS/Source/CMSIS_RTOS" -I"C:/Users/djans/Documents/GitHub/Weerstation/Master/ESP_attempt_01/Weerstation_01/Drivers/CMSIS/Include"  -Og -g3 -Wall -fmessage-length=0 -ffunction-sections -c -fmessage-length=0 -MMD -MP -MF"Src/esp.d" -MT"Src/esp.o" -o "Src/esp.o" "../Src/esp.c"
../Src/esp.c: In function 'UART_Send_Command':
../Src/esp.c:27:28: warning: pointer targets in passing argument 2 of 'HAL_UART_Transmit' differ in signedness [-Wpointer-sign]
    HAL_UART_Transmit( bus, command, strlen(command), timeout );
                            ^~~~~~~
In file included from C:/Users/djans/Documents/GitHub/Weerstation/Master/ESP_attempt_01/Weerstation_01/Inc/stm32f0xx_hal_conf.h:290:0,
                 from C:/Users/djans/Documents/GitHub/Weerstation/Master/ESP_attempt_01/Weerstation_01/Drivers/STM32F0xx_HAL_Driver/Inc/stm32f0xx_hal.h:46,
                 from C:/Users/djans/Documents/GitHub/Weerstation/Master/ESP_attempt_01/Weerstation_01/Inc/esp.h:11,
                 from ../Src/esp.c:8:
C:/Users/djans/Documents/GitHub/Weerstation/Master/ESP_attempt_01/Weerstation_01/Drivers/STM32F0xx_HAL_Driver/Inc/stm32f0xx_hal_uart.h:1298:19: note: expected 'uint8_t * {aka unsigned char *}' but argument is of type 'char *'
 HAL_StatusTypeDef HAL_UART_Transmit(UART_HandleTypeDef *huart, uint8_t *pData, uint16_t Size, uint32_t Timeout);
                   ^~~~~~~~~~~~~~~~~
../Src/esp.c: In function 'UART_Read_String':
../Src/esp.c:39:26: warning: pointer targets in passing argument 2 of 'HAL_UART_Receive' differ in signedness [-Wpointer-sign]
   HAL_UART_Receive( bus, buff, size, timeout );
                          ^~~~
In file included from C:/Users/djans/Documents/GitHub/Weerstation/Master/ESP_attempt_01/Weerstation_01/Inc/stm32f0xx_hal_conf.h:290:0,
                 from C:/Users/djans/Documents/GitHub/Weerstation/Master/ESP_attempt_01/Weerstation_01/Drivers/STM32F0xx_HAL_Driver/Inc/stm32f0xx_hal.h:46,
                 from C:/Users/djans/Documents/GitHub/Weerstation/Master/ESP_attempt_01/Weerstation_01/Inc/esp.h:11,
                 from ../Src/esp.c:8:
C:/Users/djans/Documents/GitHub/Weerstation/Master/ESP_attempt_01/Weerstation_01/Drivers/STM32F0xx_HAL_Driver/Inc/stm32f0xx_hal_uart.h:1299:19: note: expected 'uint8_t * {aka unsigned char *}' but argument is of type 'char *'
 HAL_StatusTypeDef HAL_UART_Receive(UART_HandleTypeDef *huart, uint8_t *pData, uint16_t Size, uint32_t Timeout);
                   ^~~~~~~~~~~~~~~~
../Src/esp.c: In function 'uploadValues':
../Src/esp.c:60:2: warning: implicit declaration of function 'gcvt' [-Wimplicit-function-declaration]
  gcvt( Tem, 10, strTem );
  ^~~~
../Src/esp.c:60:2: warning: 'strTem' is used uninitialized in this function [-Wuninitialized]
  gcvt( Tem, 10, strTem );
  ^~~~~~~~~~~~~~~~~~~~~~~
../Src/esp.c:62:2: warning: 'strPre' is used uninitialized in this function [-Wuninitialized]
  gcvt( Pre, 10, strPre );
  ^~~~~~~~~~~~~~~~~~~~~~~
../Src/esp.c:64:2: warning: 'strHum' is used uninitialized in this function [-Wuninitialized]
  gcvt( Hum, 10, strHum );
  ^~~~~~~~~~~~~~~~~~~~~~~
Finished building: ../Src/esp.c
 
Building target: Weerstation_01.elf
Invoking: MCU GCC Linker
arm-none-eabi-gcc -mcpu=cortex-m0 -mthumb -mfloat-abi=soft -specs=nosys.specs -specs=nano.specs -u _printf_float -T"../STM32F030R8Tx_FLASH.ld" -Wl,-Map=output.map -Wl,--gc-sections -o "Weerstation_01.elf" @"objects.list"   -lm
Finished building target: Weerstation_01.elf
 
make --no-print-directory post-build
Generating hex and Printing size information:
arm-none-eabi-objcopy -O ihex "Weerstation_01.elf" "Weerstation_01.hex"
arm-none-eabi-size "Weerstation_01.elf"
   text	   data	    bss	    dec	    hex	filename
  27816	    480	   5320	  33616	   8350	Weerstation_01.elf
 
12:20:41 **** Incremental Build of configuration Debug for project Weerstation_01 ****
make all 
make: Nothing to be done for 'all'.
12:21:17 **** Incremental Build of configuration Debug for project Weerstation_01 ****
make all 
make: Nothing to be done for 'all'.
12:22:47 **** Incremental Build of configuration Debug for project Weerstation_01 ****
make all 
Building file: ../Src/esp.c
Invoking: MCU GCC Compiler
C:\Users\djans\Documents\GitHub\Weerstation\Master\ESP_attempt_01\Weerstation_01\Debug
arm-none-eabi-gcc -mcpu=cortex-m0 -mthumb -mfloat-abi=soft '-D__weak=__attribute__((weak))' '-D__packed=__attribute__((__packed__))' -DUSE_HAL_DRIVER -DSTM32F030x8 -I"C:/Users/djans/Documents/GitHub/Weerstation/Master/ESP_attempt_01/Weerstation_01/Inc" -I"C:/Users/djans/Documents/GitHub/Weerstation/Master/ESP_attempt_01/Weerstation_01/Drivers/STM32F0xx_HAL_Driver/Inc" -I"C:/Users/djans/Documents/GitHub/Weerstation/Master/ESP_attempt_01/Weerstation_01/Drivers/STM32F0xx_HAL_Driver/Inc/Legacy" -I"C:/Users/djans/Documents/GitHub/Weerstation/Master/ESP_attempt_01/Weerstation_01/Middlewares/Third_Party/FreeRTOS/Source/portable/GCC/ARM_CM0" -I"C:/Users/djans/Documents/GitHub/Weerstation/Master/ESP_attempt_01/Weerstation_01/Drivers/CMSIS/Device/ST/STM32F0xx/Include" -I"C:/Users/djans/Documents/GitHub/Weerstation/Master/ESP_attempt_01/Weerstation_01/Middlewares/Third_Party/FreeRTOS/Source/include" -I"C:/Users/djans/Documents/GitHub/Weerstation/Master/ESP_attempt_01/Weerstation_01/Middlewares/Third_Party/FreeRTOS/Source/CMSIS_RTOS" -I"C:/Users/djans/Documents/GitHub/Weerstation/Master/ESP_attempt_01/Weerstation_01/Drivers/CMSIS/Include"  -Og -g3 -Wall -fmessage-length=0 -ffunction-sections -c -fmessage-length=0 -MMD -MP -MF"Src/esp.d" -MT"Src/esp.o" -o "Src/esp.o" "../Src/esp.c"
../Src/esp.c: In function 'UART_Send_Command':
../Src/esp.c:27:28: warning: pointer targets in passing argument 2 of 'HAL_UART_Transmit' differ in signedness [-Wpointer-sign]
    HAL_UART_Transmit( bus, command, strlen(command), timeout );
                            ^~~~~~~
In file included from C:/Users/djans/Documents/GitHub/Weerstation/Master/ESP_attempt_01/Weerstation_01/Inc/stm32f0xx_hal_conf.h:290:0,
                 from C:/Users/djans/Documents/GitHub/Weerstation/Master/ESP_attempt_01/Weerstation_01/Drivers/STM32F0xx_HAL_Driver/Inc/stm32f0xx_hal.h:46,
                 from C:/Users/djans/Documents/GitHub/Weerstation/Master/ESP_attempt_01/Weerstation_01/Inc/esp.h:11,
                 from ../Src/esp.c:8:
C:/Users/djans/Documents/GitHub/Weerstation/Master/ESP_attempt_01/Weerstation_01/Drivers/STM32F0xx_HAL_Driver/Inc/stm32f0xx_hal_uart.h:1298:19: note: expected 'uint8_t * {aka unsigned char *}' but argument is of type 'char *'
 HAL_StatusTypeDef HAL_UART_Transmit(UART_HandleTypeDef *huart, uint8_t *pData, uint16_t Size, uint32_t Timeout);
                   ^~~~~~~~~~~~~~~~~
../Src/esp.c: In function 'UART_Read_String':
../Src/esp.c:39:26: warning: pointer targets in passing argument 2 of 'HAL_UART_Receive' differ in signedness [-Wpointer-sign]
   HAL_UART_Receive( bus, buff, size, timeout );
                          ^~~~
In file included from C:/Users/djans/Documents/GitHub/Weerstation/Master/ESP_attempt_01/Weerstation_01/Inc/stm32f0xx_hal_conf.h:290:0,
                 from C:/Users/djans/Documents/GitHub/Weerstation/Master/ESP_attempt_01/Weerstation_01/Drivers/STM32F0xx_HAL_Driver/Inc/stm32f0xx_hal.h:46,
                 from C:/Users/djans/Documents/GitHub/Weerstation/Master/ESP_attempt_01/Weerstation_01/Inc/esp.h:11,
                 from ../Src/esp.c:8:
C:/Users/djans/Documents/GitHub/Weerstation/Master/ESP_attempt_01/Weerstation_01/Drivers/STM32F0xx_HAL_Driver/Inc/stm32f0xx_hal_uart.h:1299:19: note: expected 'uint8_t * {aka unsigned char *}' but argument is of type 'char *'
 HAL_StatusTypeDef HAL_UART_Receive(UART_HandleTypeDef *huart, uint8_t *pData, uint16_t Size, uint32_t Timeout);
                   ^~~~~~~~~~~~~~~~
../Src/esp.c: In function 'uploadValues':
../Src/esp.c:60:2: warning: implicit declaration of function 'gcvt' [-Wimplicit-function-declaration]
  gcvt( Tem, 10, strTem );
  ^~~~
Finished building: ../Src/esp.c
 
Building target: Weerstation_01.elf
Invoking: MCU GCC Linker
arm-none-eabi-gcc -mcpu=cortex-m0 -mthumb -mfloat-abi=soft -specs=nosys.specs -specs=nano.specs -u _printf_float -T"../STM32F030R8Tx_FLASH.ld" -Wl,-Map=output.map -Wl,--gc-sections -o "Weerstation_01.elf" @"objects.list"   -lm
Finished building target: Weerstation_01.elf
 
make --no-print-directory post-build
Generating hex and Printing size information:
arm-none-eabi-objcopy -O ihex "Weerstation_01.elf" "Weerstation_01.hex"
arm-none-eabi-size "Weerstation_01.elf"
   text	   data	    bss	    dec	    hex	filename
  27812	    480	   5320	  33612	   834c	Weerstation_01.elf
 
12:24:04 **** Incremental Build of configuration Debug for project Weerstation_01 ****
make all 
Building file: ../Src/esp.c
Invoking: MCU GCC Compiler
C:\Users\djans\Documents\GitHub\Weerstation\Master\ESP_attempt_01\Weerstation_01\Debug
arm-none-eabi-gcc -mcpu=cortex-m0 -mthumb -mfloat-abi=soft '-D__weak=__attribute__((weak))' '-D__packed=__attribute__((__packed__))' -DUSE_HAL_DRIVER -DSTM32F030x8 -I"C:/Users/djans/Documents/GitHub/Weerstation/Master/ESP_attempt_01/Weerstation_01/Inc" -I"C:/Users/djans/Documents/GitHub/Weerstation/Master/ESP_attempt_01/Weerstation_01/Drivers/STM32F0xx_HAL_Driver/Inc" -I"C:/Users/djans/Documents/GitHub/Weerstation/Master/ESP_attempt_01/Weerstation_01/Drivers/STM32F0xx_HAL_Driver/Inc/Legacy" -I"C:/Users/djans/Documents/GitHub/Weerstation/Master/ESP_attempt_01/Weerstation_01/Middlewares/Third_Party/FreeRTOS/Source/portable/GCC/ARM_CM0" -I"C:/Users/djans/Documents/GitHub/Weerstation/Master/ESP_attempt_01/Weerstation_01/Drivers/CMSIS/Device/ST/STM32F0xx/Include" -I"C:/Users/djans/Documents/GitHub/Weerstation/Master/ESP_attempt_01/Weerstation_01/Middlewares/Third_Party/FreeRTOS/Source/include" -I"C:/Users/djans/Documents/GitHub/Weerstation/Master/ESP_attempt_01/Weerstation_01/Middlewares/Third_Party/FreeRTOS/Source/CMSIS_RTOS" -I"C:/Users/djans/Documents/GitHub/Weerstation/Master/ESP_attempt_01/Weerstation_01/Drivers/CMSIS/Include"  -Og -g3 -Wall -fmessage-length=0 -ffunction-sections -c -fmessage-length=0 -MMD -MP -MF"Src/esp.d" -MT"Src/esp.o" -o "Src/esp.o" "../Src/esp.c"
../Src/esp.c: In function 'UART_Send_Command':
../Src/esp.c:28:28: warning: pointer targets in passing argument 2 of 'HAL_UART_Transmit' differ in signedness [-Wpointer-sign]
    HAL_UART_Transmit( bus, command, strlen(command), timeout );
                            ^~~~~~~
In file included from C:/Users/djans/Documents/GitHub/Weerstation/Master/ESP_attempt_01/Weerstation_01/Inc/stm32f0xx_hal_conf.h:290:0,
                 from C:/Users/djans/Documents/GitHub/Weerstation/Master/ESP_attempt_01/Weerstation_01/Drivers/STM32F0xx_HAL_Driver/Inc/stm32f0xx_hal.h:46,
                 from C:/Users/djans/Documents/GitHub/Weerstation/Master/ESP_attempt_01/Weerstation_01/Inc/esp.h:11,
                 from ../Src/esp.c:8:
C:/Users/djans/Documents/GitHub/Weerstation/Master/ESP_attempt_01/Weerstation_01/Drivers/STM32F0xx_HAL_Driver/Inc/stm32f0xx_hal_uart.h:1298:19: note: expected 'uint8_t * {aka unsigned char *}' but argument is of type 'char *'
 HAL_StatusTypeDef HAL_UART_Transmit(UART_HandleTypeDef *huart, uint8_t *pData, uint16_t Size, uint32_t Timeout);
                   ^~~~~~~~~~~~~~~~~
../Src/esp.c: In function 'UART_Read_String':
../Src/esp.c:40:26: warning: pointer targets in passing argument 2 of 'HAL_UART_Receive' differ in signedness [-Wpointer-sign]
   HAL_UART_Receive( bus, buff, size, timeout );
                          ^~~~
In file included from C:/Users/djans/Documents/GitHub/Weerstation/Master/ESP_attempt_01/Weerstation_01/Inc/stm32f0xx_hal_conf.h:290:0,
                 from C:/Users/djans/Documents/GitHub/Weerstation/Master/ESP_attempt_01/Weerstation_01/Drivers/STM32F0xx_HAL_Driver/Inc/stm32f0xx_hal.h:46,
                 from C:/Users/djans/Documents/GitHub/Weerstation/Master/ESP_attempt_01/Weerstation_01/Inc/esp.h:11,
                 from ../Src/esp.c:8:
C:/Users/djans/Documents/GitHub/Weerstation/Master/ESP_attempt_01/Weerstation_01/Drivers/STM32F0xx_HAL_Driver/Inc/stm32f0xx_hal_uart.h:1299:19: note: expected 'uint8_t * {aka unsigned char *}' but argument is of type 'char *'
 HAL_StatusTypeDef HAL_UART_Receive(UART_HandleTypeDef *huart, uint8_t *pData, uint16_t Size, uint32_t Timeout);
                   ^~~~~~~~~~~~~~~~
../Src/esp.c: In function 'uploadValues':
../Src/esp.c:61:2: warning: implicit declaration of function 'gcvt' [-Wimplicit-function-declaration]
  gcvt( Tem, 10, strTem );
  ^~~~
Finished building: ../Src/esp.c
 
Building target: Weerstation_01.elf
Invoking: MCU GCC Linker
arm-none-eabi-gcc -mcpu=cortex-m0 -mthumb -mfloat-abi=soft -specs=nosys.specs -specs=nano.specs -u _printf_float -T"../STM32F030R8Tx_FLASH.ld" -Wl,-Map=output.map -Wl,--gc-sections -o "Weerstation_01.elf" @"objects.list"   -lm
Finished building target: Weerstation_01.elf
 
make --no-print-directory post-build
Generating hex and Printing size information:
arm-none-eabi-objcopy -O ihex "Weerstation_01.elf" "Weerstation_01.hex"
arm-none-eabi-size "Weerstation_01.elf"
   text	   data	    bss	    dec	    hex	filename
  27812	    480	   5320	  33612	   834c	Weerstation_01.elf
 
12:26:26 **** Incremental Build of configuration Debug for project Weerstation_01 ****
make all 
Building file: ../Src/esp.c
Invoking: MCU GCC Compiler
C:\Users\djans\Documents\GitHub\Weerstation\Master\ESP_attempt_01\Weerstation_01\Debug
arm-none-eabi-gcc -mcpu=cortex-m0 -mthumb -mfloat-abi=soft '-D__weak=__attribute__((weak))' '-D__packed=__attribute__((__packed__))' -DUSE_HAL_DRIVER -DSTM32F030x8 -I"C:/Users/djans/Documents/GitHub/Weerstation/Master/ESP_attempt_01/Weerstation_01/Inc" -I"C:/Users/djans/Documents/GitHub/Weerstation/Master/ESP_attempt_01/Weerstation_01/Drivers/STM32F0xx_HAL_Driver/Inc" -I"C:/Users/djans/Documents/GitHub/Weerstation/Master/ESP_attempt_01/Weerstation_01/Drivers/STM32F0xx_HAL_Driver/Inc/Legacy" -I"C:/Users/djans/Documents/GitHub/Weerstation/Master/ESP_attempt_01/Weerstation_01/Middlewares/Third_Party/FreeRTOS/Source/portable/GCC/ARM_CM0" -I"C:/Users/djans/Documents/GitHub/Weerstation/Master/ESP_attempt_01/Weerstation_01/Drivers/CMSIS/Device/ST/STM32F0xx/Include" -I"C:/Users/djans/Documents/GitHub/Weerstation/Master/ESP_attempt_01/Weerstation_01/Middlewares/Third_Party/FreeRTOS/Source/include" -I"C:/Users/djans/Documents/GitHub/Weerstation/Master/ESP_attempt_01/Weerstation_01/Middlewares/Third_Party/FreeRTOS/Source/CMSIS_RTOS" -I"C:/Users/djans/Documents/GitHub/Weerstation/Master/ESP_attempt_01/Weerstation_01/Drivers/CMSIS/Include"  -Og -g3 -Wall -fmessage-length=0 -ffunction-sections -c -fmessage-length=0 -MMD -MP -MF"Src/esp.d" -MT"Src/esp.o" -o "Src/esp.o" "../Src/esp.c"
../Src/esp.c: In function 'UART_Send_Command':
../Src/esp.c:29:28: warning: pointer targets in passing argument 2 of 'HAL_UART_Transmit' differ in signedness [-Wpointer-sign]
    HAL_UART_Transmit( bus, command, strlen(command), timeout );
                            ^~~~~~~
In file included from C:/Users/djans/Documents/GitHub/Weerstation/Master/ESP_attempt_01/Weerstation_01/Inc/stm32f0xx_hal_conf.h:290:0,
                 from C:/Users/djans/Documents/GitHub/Weerstation/Master/ESP_attempt_01/Weerstation_01/Drivers/STM32F0xx_HAL_Driver/Inc/stm32f0xx_hal.h:46,
                 from C:/Users/djans/Documents/GitHub/Weerstation/Master/ESP_attempt_01/Weerstation_01/Inc/esp.h:11,
                 from ../Src/esp.c:9:
C:/Users/djans/Documents/GitHub/Weerstation/Master/ESP_attempt_01/Weerstation_01/Drivers/STM32F0xx_HAL_Driver/Inc/stm32f0xx_hal_uart.h:1298:19: note: expected 'uint8_t * {aka unsigned char *}' but argument is of type 'char *'
 HAL_StatusTypeDef HAL_UART_Transmit(UART_HandleTypeDef *huart, uint8_t *pData, uint16_t Size, uint32_t Timeout);
                   ^~~~~~~~~~~~~~~~~
../Src/esp.c: In function 'UART_Read_String':
../Src/esp.c:41:26: warning: pointer targets in passing argument 2 of 'HAL_UART_Receive' differ in signedness [-Wpointer-sign]
   HAL_UART_Receive( bus, buff, size, timeout );
                          ^~~~
In file included from C:/Users/djans/Documents/GitHub/Weerstation/Master/ESP_attempt_01/Weerstation_01/Inc/stm32f0xx_hal_conf.h:290:0,
                 from C:/Users/djans/Documents/GitHub/Weerstation/Master/ESP_attempt_01/Weerstation_01/Drivers/STM32F0xx_HAL_Driver/Inc/stm32f0xx_hal.h:46,
                 from C:/Users/djans/Documents/GitHub/Weerstation/Master/ESP_attempt_01/Weerstation_01/Inc/esp.h:11,
                 from ../Src/esp.c:9:
C:/Users/djans/Documents/GitHub/Weerstation/Master/ESP_attempt_01/Weerstation_01/Drivers/STM32F0xx_HAL_Driver/Inc/stm32f0xx_hal_uart.h:1299:19: note: expected 'uint8_t * {aka unsigned char *}' but argument is of type 'char *'
 HAL_StatusTypeDef HAL_UART_Receive(UART_HandleTypeDef *huart, uint8_t *pData, uint16_t Size, uint32_t Timeout);
                   ^~~~~~~~~~~~~~~~
../Src/esp.c: In function 'uploadValues':
../Src/esp.c:62:2: warning: implicit declaration of function 'gcvt' [-Wimplicit-function-declaration]
  gcvt( Tem, 10, strTem );
  ^~~~
Finished building: ../Src/esp.c
 
Building target: Weerstation_01.elf
Invoking: MCU GCC Linker
arm-none-eabi-gcc -mcpu=cortex-m0 -mthumb -mfloat-abi=soft -specs=nosys.specs -specs=nano.specs -u _printf_float -T"../STM32F030R8Tx_FLASH.ld" -Wl,-Map=output.map -Wl,--gc-sections -o "Weerstation_01.elf" @"objects.list"   -lm
Finished building target: Weerstation_01.elf
 
make --no-print-directory post-build
Generating hex and Printing size information:
arm-none-eabi-objcopy -O ihex "Weerstation_01.elf" "Weerstation_01.hex"
arm-none-eabi-size "Weerstation_01.elf"
   text	   data	    bss	    dec	    hex	filename
  27812	    480	   5320	  33612	   834c	Weerstation_01.elf
 
12:27:07 **** Incremental Build of configuration Debug for project Weerstation_01 ****
make all 
make: Nothing to be done for 'all'.
12:27:25 **** Incremental Build of configuration Debug for project Weerstation_01 ****
make all 
make: Nothing to be done for 'all'.
12:27:33 **** Incremental Build of configuration Debug for project Weerstation_01 ****
make all 
make: Nothing to be done for 'all'.
12:28:02 **** Incremental Build of configuration Debug for project Weerstation_01 ****
make all 
make: Nothing to be done for 'all'.
12:28:28 **** Incremental Build of configuration Debug for project Weerstation_01 ****
make all 
make: Nothing to be done for 'all'.
12:31:58 **** Incremental Build of configuration Debug for project Weerstation_01 ****
make all 
make: Nothing to be done for 'all'.
12:32:34 **** Incremental Build of configuration Debug for project Weerstation_01 ****
make all 
make: Nothing to be done for 'all'.
12:32:52 **** Incremental Build of configuration Debug for project Weerstation_01 ****
make all 
make: Nothing to be done for 'all'.
12:33:26 **** Incremental Build of configuration Debug for project Weerstation_01 ****
make all 
make: Nothing to be done for 'all'.
12:33:50 **** Incremental Build of configuration Debug for project Weerstation_01 ****
make all 
make: Nothing to be done for 'all'.
12:43:45 **** Incremental Build of configuration Debug for project Weerstation_01 ****
make all 
make: Nothing to be done for 'all'.
12:43:46 **** Incremental Build of configuration Debug for project Weerstation_01 ****
make all 
make: Nothing to be done for 'all'.
12:43:53 **** Incremental Build of configuration Debug for project Weerstation_01 ****
make all 
make: Nothing to be done for 'all'.
12:44:40 **** Incremental Build of configuration Debug for project Weerstation_01 ****
make all 
Building file: ../Src/esp.c
Invoking: MCU GCC Compiler
C:\Users\djans\Documents\GitHub\Weerstation\Master\ESP_attempt_01\Weerstation_01\Debug
arm-none-eabi-gcc -mcpu=cortex-m0 -mthumb -mfloat-abi=soft '-D__weak=__attribute__((weak))' '-D__packed=__attribute__((__packed__))' -DUSE_HAL_DRIVER -DSTM32F030x8 -I"C:/Users/djans/Documents/GitHub/Weerstation/Master/ESP_attempt_01/Weerstation_01/Inc" -I"C:/Users/djans/Documents/GitHub/Weerstation/Master/ESP_attempt_01/Weerstation_01/Drivers/STM32F0xx_HAL_Driver/Inc" -I"C:/Users/djans/Documents/GitHub/Weerstation/Master/ESP_attempt_01/Weerstation_01/Drivers/STM32F0xx_HAL_Driver/Inc/Legacy" -I"C:/Users/djans/Documents/GitHub/Weerstation/Master/ESP_attempt_01/Weerstation_01/Middlewares/Third_Party/FreeRTOS/Source/portable/GCC/ARM_CM0" -I"C:/Users/djans/Documents/GitHub/Weerstation/Master/ESP_attempt_01/Weerstation_01/Drivers/CMSIS/Device/ST/STM32F0xx/Include" -I"C:/Users/djans/Documents/GitHub/Weerstation/Master/ESP_attempt_01/Weerstation_01/Middlewares/Third_Party/FreeRTOS/Source/include" -I"C:/Users/djans/Documents/GitHub/Weerstation/Master/ESP_attempt_01/Weerstation_01/Middlewares/Third_Party/FreeRTOS/Source/CMSIS_RTOS" -I"C:/Users/djans/Documents/GitHub/Weerstation/Master/ESP_attempt_01/Weerstation_01/Drivers/CMSIS/Include"  -Og -g3 -Wall -fmessage-length=0 -ffunction-sections -c -fmessage-length=0 -MMD -MP -MF"Src/esp.d" -MT"Src/esp.o" -o "Src/esp.o" "../Src/esp.c"
../Src/esp.c: In function 'UART_Send_Command':
../Src/esp.c:29:28: warning: pointer targets in passing argument 2 of 'HAL_UART_Transmit' differ in signedness [-Wpointer-sign]
    HAL_UART_Transmit( bus, command, strlen(command), timeout );
                            ^~~~~~~
In file included from C:/Users/djans/Documents/GitHub/Weerstation/Master/ESP_attempt_01/Weerstation_01/Inc/stm32f0xx_hal_conf.h:290:0,
                 from C:/Users/djans/Documents/GitHub/Weerstation/Master/ESP_attempt_01/Weerstation_01/Drivers/STM32F0xx_HAL_Driver/Inc/stm32f0xx_hal.h:46,
                 from C:/Users/djans/Documents/GitHub/Weerstation/Master/ESP_attempt_01/Weerstation_01/Inc/esp.h:11,
                 from ../Src/esp.c:9:
C:/Users/djans/Documents/GitHub/Weerstation/Master/ESP_attempt_01/Weerstation_01/Drivers/STM32F0xx_HAL_Driver/Inc/stm32f0xx_hal_uart.h:1298:19: note: expected 'uint8_t * {aka unsigned char *}' but argument is of type 'char *'
 HAL_StatusTypeDef HAL_UART_Transmit(UART_HandleTypeDef *huart, uint8_t *pData, uint16_t Size, uint32_t Timeout);
                   ^~~~~~~~~~~~~~~~~
../Src/esp.c: In function 'UART_Read_String':
../Src/esp.c:41:26: warning: pointer targets in passing argument 2 of 'HAL_UART_Receive' differ in signedness [-Wpointer-sign]
   HAL_UART_Receive( bus, buff, size, timeout );
                          ^~~~
In file included from C:/Users/djans/Documents/GitHub/Weerstation/Master/ESP_attempt_01/Weerstation_01/Inc/stm32f0xx_hal_conf.h:290:0,
                 from C:/Users/djans/Documents/GitHub/Weerstation/Master/ESP_attempt_01/Weerstation_01/Drivers/STM32F0xx_HAL_Driver/Inc/stm32f0xx_hal.h:46,
                 from C:/Users/djans/Documents/GitHub/Weerstation/Master/ESP_attempt_01/Weerstation_01/Inc/esp.h:11,
                 from ../Src/esp.c:9:
C:/Users/djans/Documents/GitHub/Weerstation/Master/ESP_attempt_01/Weerstation_01/Drivers/STM32F0xx_HAL_Driver/Inc/stm32f0xx_hal_uart.h:1299:19: note: expected 'uint8_t * {aka unsigned char *}' but argument is of type 'char *'
 HAL_StatusTypeDef HAL_UART_Receive(UART_HandleTypeDef *huart, uint8_t *pData, uint16_t Size, uint32_t Timeout);
                   ^~~~~~~~~~~~~~~~
../Src/esp.c: In function 'uploadValues':
../Src/esp.c:62:2: warning: implicit declaration of function 'gcvt' [-Wimplicit-function-declaration]
  gcvt( Tem, 4, strTem );
  ^~~~
Finished building: ../Src/esp.c
 
Building target: Weerstation_01.elf
Invoking: MCU GCC Linker
arm-none-eabi-gcc -mcpu=cortex-m0 -mthumb -mfloat-abi=soft -specs=nosys.specs -specs=nano.specs -u _printf_float -T"../STM32F030R8Tx_FLASH.ld" -Wl,-Map=output.map -Wl,--gc-sections -o "Weerstation_01.elf" @"objects.list"   -lm
Finished building target: Weerstation_01.elf
 
make --no-print-directory post-build
Generating hex and Printing size information:
arm-none-eabi-objcopy -O ihex "Weerstation_01.elf" "Weerstation_01.hex"
arm-none-eabi-size "Weerstation_01.elf"
   text	   data	    bss	    dec	    hex	filename
  27812	    480	   5320	  33612	   834c	Weerstation_01.elf
 
12:45:19 **** Incremental Build of configuration Debug for project Weerstation_01 ****
make all 
make: Nothing to be done for 'all'.
12:45:39 **** Incremental Build of configuration Debug for project Weerstation_01 ****
make all 
make: Nothing to be done for 'all'.
12:46:11 **** Incremental Build of configuration Debug for project Weerstation_01 ****
make all 
Building file: ../Src/esp.c
Invoking: MCU GCC Compiler
C:\Users\djans\Documents\GitHub\Weerstation\Master\ESP_attempt_01\Weerstation_01\Debug
arm-none-eabi-gcc -mcpu=cortex-m0 -mthumb -mfloat-abi=soft '-D__weak=__attribute__((weak))' '-D__packed=__attribute__((__packed__))' -DUSE_HAL_DRIVER -DSTM32F030x8 -I"C:/Users/djans/Documents/GitHub/Weerstation/Master/ESP_attempt_01/Weerstation_01/Inc" -I"C:/Users/djans/Documents/GitHub/Weerstation/Master/ESP_attempt_01/Weerstation_01/Drivers/STM32F0xx_HAL_Driver/Inc" -I"C:/Users/djans/Documents/GitHub/Weerstation/Master/ESP_attempt_01/Weerstation_01/Drivers/STM32F0xx_HAL_Driver/Inc/Legacy" -I"C:/Users/djans/Documents/GitHub/Weerstation/Master/ESP_attempt_01/Weerstation_01/Middlewares/Third_Party/FreeRTOS/Source/portable/GCC/ARM_CM0" -I"C:/Users/djans/Documents/GitHub/Weerstation/Master/ESP_attempt_01/Weerstation_01/Drivers/CMSIS/Device/ST/STM32F0xx/Include" -I"C:/Users/djans/Documents/GitHub/Weerstation/Master/ESP_attempt_01/Weerstation_01/Middlewares/Third_Party/FreeRTOS/Source/include" -I"C:/Users/djans/Documents/GitHub/Weerstation/Master/ESP_attempt_01/Weerstation_01/Middlewares/Third_Party/FreeRTOS/Source/CMSIS_RTOS" -I"C:/Users/djans/Documents/GitHub/Weerstation/Master/ESP_attempt_01/Weerstation_01/Drivers/CMSIS/Include"  -Og -g3 -Wall -fmessage-length=0 -ffunction-sections -c -fmessage-length=0 -MMD -MP -MF"Src/esp.d" -MT"Src/esp.o" -o "Src/esp.o" "../Src/esp.c"
../Src/esp.c: In function 'UART_Send_Command':
../Src/esp.c:29:28: warning: pointer targets in passing argument 2 of 'HAL_UART_Transmit' differ in signedness [-Wpointer-sign]
    HAL_UART_Transmit( bus, command, strlen(command), timeout );
                            ^~~~~~~
In file included from C:/Users/djans/Documents/GitHub/Weerstation/Master/ESP_attempt_01/Weerstation_01/Inc/stm32f0xx_hal_conf.h:290:0,
                 from C:/Users/djans/Documents/GitHub/Weerstation/Master/ESP_attempt_01/Weerstation_01/Drivers/STM32F0xx_HAL_Driver/Inc/stm32f0xx_hal.h:46,
                 from C:/Users/djans/Documents/GitHub/Weerstation/Master/ESP_attempt_01/Weerstation_01/Inc/esp.h:11,
                 from ../Src/esp.c:9:
C:/Users/djans/Documents/GitHub/Weerstation/Master/ESP_attempt_01/Weerstation_01/Drivers/STM32F0xx_HAL_Driver/Inc/stm32f0xx_hal_uart.h:1298:19: note: expected 'uint8_t * {aka unsigned char *}' but argument is of type 'char *'
 HAL_StatusTypeDef HAL_UART_Transmit(UART_HandleTypeDef *huart, uint8_t *pData, uint16_t Size, uint32_t Timeout);
                   ^~~~~~~~~~~~~~~~~
../Src/esp.c: In function 'UART_Read_String':
../Src/esp.c:41:26: warning: pointer targets in passing argument 2 of 'HAL_UART_Receive' differ in signedness [-Wpointer-sign]
   HAL_UART_Receive( bus, buff, size, timeout );
                          ^~~~
In file included from C:/Users/djans/Documents/GitHub/Weerstation/Master/ESP_attempt_01/Weerstation_01/Inc/stm32f0xx_hal_conf.h:290:0,
                 from C:/Users/djans/Documents/GitHub/Weerstation/Master/ESP_attempt_01/Weerstation_01/Drivers/STM32F0xx_HAL_Driver/Inc/stm32f0xx_hal.h:46,
                 from C:/Users/djans/Documents/GitHub/Weerstation/Master/ESP_attempt_01/Weerstation_01/Inc/esp.h:11,
                 from ../Src/esp.c:9:
C:/Users/djans/Documents/GitHub/Weerstation/Master/ESP_attempt_01/Weerstation_01/Drivers/STM32F0xx_HAL_Driver/Inc/stm32f0xx_hal_uart.h:1299:19: note: expected 'uint8_t * {aka unsigned char *}' but argument is of type 'char *'
 HAL_StatusTypeDef HAL_UART_Receive(UART_HandleTypeDef *huart, uint8_t *pData, uint16_t Size, uint32_t Timeout);
                   ^~~~~~~~~~~~~~~~
../Src/esp.c: In function 'uploadValues':
../Src/esp.c:62:2: warning: implicit declaration of function 'gcvt' [-Wimplicit-function-declaration]
  gcvt( Tem, 4, strTem );
  ^~~~
Finished building: ../Src/esp.c
 
Building target: Weerstation_01.elf
Invoking: MCU GCC Linker
arm-none-eabi-gcc -mcpu=cortex-m0 -mthumb -mfloat-abi=soft -specs=nosys.specs -specs=nano.specs -u _printf_float -T"../STM32F030R8Tx_FLASH.ld" -Wl,-Map=output.map -Wl,--gc-sections -o "Weerstation_01.elf" @"objects.list"   -lm
Finished building target: Weerstation_01.elf
 
make --no-print-directory post-build
Generating hex and Printing size information:
arm-none-eabi-objcopy -O ihex "Weerstation_01.elf" "Weerstation_01.hex"
arm-none-eabi-size "Weerstation_01.elf"
   text	   data	    bss	    dec	    hex	filename
  27812	    480	   5320	  33612	   834c	Weerstation_01.elf
 
12:46:51 **** Incremental Build of configuration Debug for project Weerstation_01 ****
make all 
make: Nothing to be done for 'all'.
12:47:39 **** Incremental Build of configuration Debug for project Weerstation_01 ****
make all 
make: Nothing to be done for 'all'.
12:48:05 **** Incremental Build of configuration Debug for project Weerstation_01 ****
make all 
make: Nothing to be done for 'all'.
12:48:33 **** Incremental Build of configuration Debug for project Weerstation_01 ****
make all 
make: Nothing to be done for 'all'.
12:49:08 **** Incremental Build of configuration Debug for project Weerstation_01 ****
make all 
Building file: ../Src/esp.c
Invoking: MCU GCC Compiler
C:\Users\djans\Documents\GitHub\Weerstation\Master\ESP_attempt_01\Weerstation_01\Debug
arm-none-eabi-gcc -mcpu=cortex-m0 -mthumb -mfloat-abi=soft '-D__weak=__attribute__((weak))' '-D__packed=__attribute__((__packed__))' -DUSE_HAL_DRIVER -DSTM32F030x8 -I"C:/Users/djans/Documents/GitHub/Weerstation/Master/ESP_attempt_01/Weerstation_01/Inc" -I"C:/Users/djans/Documents/GitHub/Weerstation/Master/ESP_attempt_01/Weerstation_01/Drivers/STM32F0xx_HAL_Driver/Inc" -I"C:/Users/djans/Documents/GitHub/Weerstation/Master/ESP_attempt_01/Weerstation_01/Drivers/STM32F0xx_HAL_Driver/Inc/Legacy" -I"C:/Users/djans/Documents/GitHub/Weerstation/Master/ESP_attempt_01/Weerstation_01/Middlewares/Third_Party/FreeRTOS/Source/portable/GCC/ARM_CM0" -I"C:/Users/djans/Documents/GitHub/Weerstation/Master/ESP_attempt_01/Weerstation_01/Drivers/CMSIS/Device/ST/STM32F0xx/Include" -I"C:/Users/djans/Documents/GitHub/Weerstation/Master/ESP_attempt_01/Weerstation_01/Middlewares/Third_Party/FreeRTOS/Source/include" -I"C:/Users/djans/Documents/GitHub/Weerstation/Master/ESP_attempt_01/Weerstation_01/Middlewares/Third_Party/FreeRTOS/Source/CMSIS_RTOS" -I"C:/Users/djans/Documents/GitHub/Weerstation/Master/ESP_attempt_01/Weerstation_01/Drivers/CMSIS/Include"  -Og -g3 -Wall -fmessage-length=0 -ffunction-sections -c -fmessage-length=0 -MMD -MP -MF"Src/esp.d" -MT"Src/esp.o" -o "Src/esp.o" "../Src/esp.c"
../Src/esp.c: In function 'UART_Send_Command':
../Src/esp.c:29:28: warning: pointer targets in passing argument 2 of 'HAL_UART_Transmit' differ in signedness [-Wpointer-sign]
    HAL_UART_Transmit( bus, command, strlen(command), timeout );
                            ^~~~~~~
In file included from C:/Users/djans/Documents/GitHub/Weerstation/Master/ESP_attempt_01/Weerstation_01/Inc/stm32f0xx_hal_conf.h:290:0,
                 from C:/Users/djans/Documents/GitHub/Weerstation/Master/ESP_attempt_01/Weerstation_01/Drivers/STM32F0xx_HAL_Driver/Inc/stm32f0xx_hal.h:46,
                 from C:/Users/djans/Documents/GitHub/Weerstation/Master/ESP_attempt_01/Weerstation_01/Inc/esp.h:11,
                 from ../Src/esp.c:9:
C:/Users/djans/Documents/GitHub/Weerstation/Master/ESP_attempt_01/Weerstation_01/Drivers/STM32F0xx_HAL_Driver/Inc/stm32f0xx_hal_uart.h:1298:19: note: expected 'uint8_t * {aka unsigned char *}' but argument is of type 'char *'
 HAL_StatusTypeDef HAL_UART_Transmit(UART_HandleTypeDef *huart, uint8_t *pData, uint16_t Size, uint32_t Timeout);
                   ^~~~~~~~~~~~~~~~~
../Src/esp.c: In function 'UART_Read_String':
../Src/esp.c:41:26: warning: pointer targets in passing argument 2 of 'HAL_UART_Receive' differ in signedness [-Wpointer-sign]
   HAL_UART_Receive( bus, buff, size, timeout );
                          ^~~~
In file included from C:/Users/djans/Documents/GitHub/Weerstation/Master/ESP_attempt_01/Weerstation_01/Inc/stm32f0xx_hal_conf.h:290:0,
                 from C:/Users/djans/Documents/GitHub/Weerstation/Master/ESP_attempt_01/Weerstation_01/Drivers/STM32F0xx_HAL_Driver/Inc/stm32f0xx_hal.h:46,
                 from C:/Users/djans/Documents/GitHub/Weerstation/Master/ESP_attempt_01/Weerstation_01/Inc/esp.h:11,
                 from ../Src/esp.c:9:
C:/Users/djans/Documents/GitHub/Weerstation/Master/ESP_attempt_01/Weerstation_01/Drivers/STM32F0xx_HAL_Driver/Inc/stm32f0xx_hal_uart.h:1299:19: note: expected 'uint8_t * {aka unsigned char *}' but argument is of type 'char *'
 HAL_StatusTypeDef HAL_UART_Receive(UART_HandleTypeDef *huart, uint8_t *pData, uint16_t Size, uint32_t Timeout);
                   ^~~~~~~~~~~~~~~~
../Src/esp.c: In function 'uploadValues':
../Src/esp.c:62:2: warning: implicit declaration of function 'gcvt' [-Wimplicit-function-declaration]
  gcvt( Tem, 8, strTem );
  ^~~~
Finished building: ../Src/esp.c
 
Building target: Weerstation_01.elf
Invoking: MCU GCC Linker
arm-none-eabi-gcc -mcpu=cortex-m0 -mthumb -mfloat-abi=soft -specs=nosys.specs -specs=nano.specs -u _printf_float -T"../STM32F030R8Tx_FLASH.ld" -Wl,-Map=output.map -Wl,--gc-sections -o "Weerstation_01.elf" @"objects.list"   -lm
Finished building target: Weerstation_01.elf
 
make --no-print-directory post-build
Generating hex and Printing size information:
arm-none-eabi-objcopy -O ihex "Weerstation_01.elf" "Weerstation_01.hex"
arm-none-eabi-size "Weerstation_01.elf"
   text	   data	    bss	    dec	    hex	filename
  27812	    480	   5320	  33612	   834c	Weerstation_01.elf
 
